../dlms/src/apdu.c:46:5:apdu_getAuthenticationString	40	static
../dlms/src/apdu.c:118:5:apdu_generateApplicationContextName	24	static
../dlms/src/apdu.c:221:15:useDedicatedKey	16	static
../dlms/src/apdu.c:243:5:apdu_getInitiateRequest	24	static
../dlms/src/apdu.c:315:5:apdu_generateUserInformation	96	static
../dlms/src/apdu.c:396:5:apdu_parseUserInformation	96	static
../dlms/src/apdu.c:745:5:apdu_verifyUserInformation	88	static
../dlms/src/apdu.c:981:5:apdu_parseApplicationContextName	32	static
../dlms/src/apdu.c:1094:5:apdu_validateAare	24	static
../dlms/src/apdu.c:1125:5:apdu_updatePassword	24	static
../dlms/src/apdu.c:1172:5:apdu_updateAuthentication	24	static
../dlms/src/apdu.c:1263:5:apdu_getUserInformation	56	static
../dlms/src/apdu.c:1351:5:apdu_generateAarq	24	static
../dlms/src/apdu.c:1378:5:apdu_handleResultComponent	24	static
../dlms/src/apdu.c:1406:5:apdu_parseProtocolVersion	24	static
../dlms/src/apdu.c:1437:5:apdu_parsePDU	40	static
../dlms/src/apdu.c:2140:5:apdu_generateAARE	248	static
