../dlms/src/gxsetignoremalloc.c:57:5:cosem_getArrayItem	24	static
../dlms/src/gxsetignoremalloc.c:68:5:cosem_verifyArray	32	static
../dlms/src/gxsetignoremalloc.c:89:5:cosem_getVariantArrayItem	24	static
../dlms/src/gxsetignoremalloc.c:101:5:cosem_verifyVariantArray	32	static
../dlms/src/gxsetignoremalloc.c:122:5:cosem_verifyObjectArray	32	static
../dlms/src/gxsetignoremalloc.c:143:5:cosem_updateVariant	40	static
../dlms/src/gxsetignoremalloc.c:182:5:cosem_setData	24	static
../dlms/src/gxsetignoremalloc.c:198:5:cosem_setRegister	32	static
../dlms/src/gxsetignoremalloc.c:223:5:cosem_setRegistertable	40	static
../dlms/src/gxsetignoremalloc.c:260:5:cosem_setClock	32	static
../dlms/src/gxsetignoremalloc.c:356:5:cosem_orderSeasonProfile	152	static
../dlms/src/gxsetignoremalloc.c:399:5:updateSeasonProfile	32	static
../dlms/src/gxsetignoremalloc.c:436:5:updateWeekProfileTable	32	static
../dlms/src/gxsetignoremalloc.c:468:5:updateDayProfileTable	56	static
../dlms/src/gxsetignoremalloc.c:519:5:cosem_setActivityCalendar	32	static
../dlms/src/gxsetignoremalloc.c:567:5:cosem_setActionSchedule	96	static
../dlms/src/gxsetignoremalloc.c:651:5:cosem_updateAttributeAccessModes	32	static
../dlms/src/gxsetignoremalloc.c:765:5:cosem_parseLNObjects	24	static
../dlms/src/gxsetignoremalloc.c:818:5:cosem_setAssociationLogicalName	56	static
../dlms/src/gxsetignoremalloc.c:1105:5:updateSNAccessRights	40	static
../dlms/src/gxsetignoremalloc.c:1143:5:cosem_parseSNObjects	24	static
../dlms/src/gxsetignoremalloc.c:1230:5:cosem_setAssociationShortName	40	static
../dlms/src/gxsetignoremalloc.c:1265:5:cosem_setAutoAnswer	48	static
../dlms/src/gxsetignoremalloc.c:1324:5:cosem_setAutoConnect	48	static
../dlms/src/gxsetignoremalloc.c:1400:5:cosem_setDemandRegister	32	static
../dlms/src/gxsetignoremalloc.c:1449:5:cosem_setMacAddressSetup	32	static
../dlms/src/gxsetignoremalloc.c:1465:5:cosem_setExtendedRegister	32	static
../dlms/src/gxsetignoremalloc.c:1498:5:cosem_setGprsSetup	32	static
../dlms/src/gxsetignoremalloc.c:1537:5:cosem_setSecuritySetup	32	static
../dlms/src/gxsetignoremalloc.c:1595:5:cosem_setIecHdlcSetup	32	static
../dlms/src/gxsetignoremalloc.c:1642:5:cosem_setIecLocalPortSetup	32	static
../dlms/src/gxsetignoremalloc.c:1698:5:cosem_setIecTwistedPairSetup	40	static
../dlms/src/gxsetignoremalloc.c:1757:5:cosem_setIP4Setup	56	static
../dlms/src/gxsetignoremalloc.c:1860:5:cosem_copyIP6Address	16	static
../dlms/src/gxsetignoremalloc.c:1874:5:cosem_setIP6Setup	64	static
../dlms/src/gxsetignoremalloc.c:1985:5:cosem_setUtilityTables	32	static
../dlms/src/gxsetignoremalloc.c:2010:5:cosem_setMbusSlavePortSetup	32	static
../dlms/src/gxsetignoremalloc.c:2047:5:cosem_setDisconnectControl	32	static
../dlms/src/gxsetignoremalloc.c:2103:5:cosem_setLimiter	64	static
../dlms/src/gxsetignoremalloc.c:2209:5:cosem_setmMbusClient	48	static
../dlms/src/gxsetignoremalloc.c:2325:5:cosem_setModemConfiguration	56	static
../dlms/src/gxsetignoremalloc.c:2407:5:cosem_setPppSetup	56	static
../dlms/src/gxsetignoremalloc.c:2496:5:cosem_setRegisterActivation	64	static
../dlms/src/gxsetignoremalloc.c:2617:5:cosem_setRegisterMonitor	72	static
../dlms/src/gxsetignoremalloc.c:2715:5:cosem_setSapAssignment	40	static
../dlms/src/gxsetignoremalloc.c:2749:5:cosem_setSchedule	56	static
../dlms/src/gxsetignoremalloc.c:2804:5:cosem_setScriptTable	56	static
../dlms/src/gxsetignoremalloc.c:2868:5:cosem_setSpecialDaysTable	40	static
../dlms/src/gxsetignoremalloc.c:2899:5:cosem_setTcpUdpSetup	40	static
../dlms/src/gxsetignoremalloc.c:2951:5:cosem_setMbusDiagnostic	40	static
../dlms/src/gxsetignoremalloc.c:3020:5:cosem_setMbusPortSetup	48	static
../dlms/src/gxsetignoremalloc.c:3098:5:cosem_setMbusMasterPortSetup	32	static
../dlms/src/gxsetignoremalloc.c:3118:5:cosem_setG3PlcMacLayerCounters	32	static
../dlms/src/gxsetignoremalloc.c:3166:5:cosem_setG3PlcMacSetup	56	static
../dlms/src/gxsetignoremalloc.c:3343:5:cosem_getUint16Array	32	static
../dlms/src/gxsetignoremalloc.c:3363:5:cosem_setG3Plc6LoWPAN	88	static
../dlms/src/gxsetignoremalloc.c:3578:5:cosem_setFunctionControl	64	static
../dlms/src/gxsetignoremalloc.c:3685:5:cosem_setArrayManager	48	static
../dlms/src/gxsetignoremalloc.c:3733:5:cosem_setPushSetup	72	static
../dlms/src/gxsetignoremalloc.c:3931:5:setUnitCharge	48	static
../dlms/src/gxsetignoremalloc.c:3989:5:cosem_setCharge	40	static
../dlms/src/gxsetignoremalloc.c:4056:5:cosem_setCredit	40	static
../dlms/src/gxsetignoremalloc.c:4115:5:cosem_setAccount	64	static
../dlms/src/gxsetignoremalloc.c:4279:5:cosem_setImageTransfer	48	static
../dlms/src/gxsetignoremalloc.c:4340:5:setCaptureObjects	48	static
../dlms/src/gxsetignoremalloc.c:4381:5:cosem_setProfileGeneric	40	static
../dlms/src/gxsetignoremalloc.c:4442:5:cosem_setGsmDiagnostic	48	static
../dlms/src/gxsetignoremalloc.c:4529:5:cosem_setTokenGateway	40	static
../dlms/src/gxsetignoremalloc.c:4585:5:compactData_updateTemplateArrayOrStructDescription	96	static
../dlms/src/gxsetignoremalloc.c:4751:5:compactData_update	176	static
../dlms/src/gxsetignoremalloc.c:4889:5:compactData_updateTemplateDescription	16	static
../dlms/src/gxsetignoremalloc.c:4896:5:cosem_setCompactData	32	static
../dlms/src/gxsetignoremalloc.c:4936:5:cosem_setParameterMonitor	64	static
../dlms/src/gxsetignoremalloc.c:5020:5:cosem_setLlcSscsSetup	32	static
../dlms/src/gxsetignoremalloc.c:5044:5:cosem_setPrimeNbOfdmPlcPhysicalLayerCounters	32	static
../dlms/src/gxsetignoremalloc.c:5075:5:cosem_setPrimeNbOfdmPlcMacSetup	32	static
../dlms/src/gxsetignoremalloc.c:5114:5:cosem_setPrimeNbOfdmPlcMacFunctionalParameters	32	static
../dlms/src/gxsetignoremalloc.c:5178:5:cosem_setPrimeNbOfdmPlcMacCounters	32	static
../dlms/src/gxsetignoremalloc.c:5215:5:cosem_setMulticastEntries	32	static
../dlms/src/gxsetignoremalloc.c:5239:5:cosem_setSwitchTable	32	static
../dlms/src/gxsetignoremalloc.c:5260:5:cosem_setDirectTable	32	static
../dlms/src/gxsetignoremalloc.c:5288:5:cosem_setAvailableSwitches	32	static
../dlms/src/gxsetignoremalloc.c:5314:5:cosem_setCommunications	32	static
../dlms/src/gxsetignoremalloc.c:5344:5:cosem_setPrimeNbOfdmPlcMacNetworkAdministrationData	32	static
../dlms/src/gxsetignoremalloc.c:5378:5:cosem_setPrimeNbOfdmPlcApplicationsIdentification	32	static
../dlms/src/gxsetignoremalloc.c:5405:5:cosem_setArbitrator	56	static
../dlms/src/gxsetignoremalloc.c:5495:5:cosem_setIec8802LlcType1Setup	32	static
../dlms/src/gxsetignoremalloc.c:5515:5:cosem_setIec8802LlcType2Setup	32	static
../dlms/src/gxsetignoremalloc.c:5556:5:cosem_setIec8802LlcType3Setup	32	static
../dlms/src/gxsetignoremalloc.c:5588:5:cosem_setSFSKActiveInitiator	32	static
../dlms/src/gxsetignoremalloc.c:5612:5:cosem_setFSKMacCounters	40	static
../dlms/src/gxsetignoremalloc.c:5698:5:cosem_setSFSKMacSynchronizationTimeouts	32	static
../dlms/src/gxsetignoremalloc.c:5726:5:cosem_setSFSKPhyMacSetUp	48	static
../dlms/src/gxsetignoremalloc.c:5822:5:cosem_setSFSKReportingSystemList	40	static
../dlms/src/gxsetignoremalloc.c:5855:5:cosem_setLteMonitoring	32	static
../dlms/src/gxsetignoremalloc.c:5900:5:cosem_setNtpSetup	48	static
