../dlms/src/server.c:114:5:sr_initialize	24	static
../dlms/src/server.c:141:5:svr_initialize	32	static
../dlms/src/server.c:287:6:svr_setInitialize	16	static
../dlms/src/server.c:315:6:svr_reset	16	static
../dlms/src/server.c:327:5:svr_generateExceptionResponse	32	static
../dlms/src/server.c:375:5:svr_HandleAarqRequest	184	static
../dlms/src/server.c:671:5:svr_handleSnrmRequest	32	static
../dlms/src/server.c:743:5:svr_generateDisconnectRequest	24	static
../dlms/src/server.c:783:5:dlms_addFrame	40	static
../dlms/src/server.c:839:5:svr_reportError	120	static
../dlms/src/server.c:919:5:svr_handleSetRequest2	72	static
../dlms/src/server.c:1120:5:svr_getTarget	48	static
../dlms/src/server.c:1185:5:svr_handleSetRequestWithList	104	static
../dlms/src/server.c:1432:5:svr_generateConfirmedServiceError	16	static
../dlms/src/server.c:1454:5:svr_handleSetRequest	104	static
../dlms/src/server.c:1523:5:svr_getRequestNormal	128	static
../dlms/src/server.c:1738:5:svr_getRequestNextDataBlock	120	static
../dlms/src/server.c:1834:5:svr_getRequestWithList	152	static
../dlms/src/server.c:2054:5:svr_handleGetRequest	104	static
../dlms/src/server.c:2243:5:svr_getReadData	48	static
../dlms/src/server.c:2880:5:svr_handleMethodRequest	128	static
../dlms/src/server.c:3138:5:svr_handleReleaseRequest	48	static
../dlms/src/server.c:3222:5:svr_registerRequest	72	static
../dlms/src/server.c:3272:5:svr_parseRegisterRequest	24	static
../dlms/src/server.c:3295:5:svr_parseDiscoverRequest	24	static
../dlms/src/server.c:3309:5:dlms_pingRequest	48	static
../dlms/src/server.c:3327:5:dlm_parsePing	16	static
../dlms/src/server.c:3333:5:dlms_repeaterCallRequest	40	static
../dlms/src/server.c:3355:5:svr_discoverReport	72	static
../dlms/src/server.c:3415:5:svr_handleCommand	48	static
../dlms/src/server.c:3727:5:svr_handleRequest	32	static
../dlms/src/server.c:3739:5:svr_handleRequest3	24	static
../dlms/src/server.c:3747:5:svr_handleRequest2	48	static
../dlms/src/server.c:3761:5:svr_getIecPacket	40	static
../dlms/src/server.c:3819:5:svr_handleRequest4	88	static
../dlms/src/server.c:4256:5:svr_handleInactivityTimeout	40	static
../dlms/src/server.c:4310:15:svr_isPushCommunicationWindowActive	40	static
../dlms/src/server.c:4355:5:svr_invoke	144	static
../dlms/src/server.c:4458:5:svr_handleProfileGeneric	64	static
../dlms/src/server.c:4508:5:svr_handleSingleActionSchedule	96	static
../dlms/src/server.c:4599:15:equal	16	static
../dlms/src/server.c:4608:5:svr_invokeScript	144	static
../dlms/src/server.c:4672:5:svr_handleActivityCalendar	144	static
../dlms/src/server.c:4841:5:svr_handleAutoConnect	72	static
../dlms/src/server.c:4891:5:svr_run	40	static
../dlms/src/server.c:4963:10:svr_isChangedWithAction	24	static
../dlms/src/server.c:5088:5:svr_monitor	208	static
../dlms/src/server.c:5197:5:svr_monitorAll	32	static
../dlms/src/server.c:5223:5:svr_invokeLimiterAction	40	static
../dlms/src/server.c:5252:5:svr_limiter	176	static
../dlms/src/server.c:5415:5:svr_limiterAll	32	static
