../dlms/src/variant.c:51:5:var_setEnum	16	static
../dlms/src/variant.c:59:5:var_setUInt8	16	static
../dlms/src/variant.c:67:5:var_setUInt16	16	static
../dlms/src/variant.c:75:5:var_setUInt32	16	static
../dlms/src/variant.c:83:5:var_setUInt64	24	static
../dlms/src/variant.c:91:5:var_setInt8	16	static
../dlms/src/variant.c:99:5:var_setInt16	16	static
../dlms/src/variant.c:107:5:var_setInt32	16	static
../dlms/src/variant.c:115:5:var_setInt64	24	static
../dlms/src/variant.c:124:5:var_setDouble	24	static
../dlms/src/variant.c:133:5:var_getUInt8	16	static
../dlms/src/variant.c:146:5:var_getUInt16	16	static
../dlms/src/variant.c:159:5:var_getUInt32	16	static
../dlms/src/variant.c:172:5:var_getUInt64	16	static
../dlms/src/variant.c:185:5:var_getInt8	16	static
../dlms/src/variant.c:198:5:var_getInt16	16	static
../dlms/src/variant.c:211:5:var_getInt32	16	static
../dlms/src/variant.c:224:5:var_getInt64	16	static
../dlms/src/variant.c:237:5:var_addBytes	24	static
../dlms/src/variant.c:275:5:var_addOctetString	16	static
../dlms/src/variant.c:283:5:var_addByteArray	24	static
../dlms/src/variant.c:293:5:var_init	16	static
../dlms/src/variant.c:327:5:var_clear	16	static
../dlms/src/variant.c:409:5:var_getDateTime2	24	static
../dlms/src/variant.c:601:5:var_getDate	24	static
../dlms/src/variant.c:688:5:var_getTime	24	static
../dlms/src/variant.c:762:5:var_getBytes	16	static
../dlms/src/variant.c:815:5:var_getBytes2	24	static
../dlms/src/variant.c:823:5:var_getBytes3	32	static
../dlms/src/variant.c:832:5:var_getBytes4	56	static
../dlms/src/variant.c:1100:5:var_getSize	24	static
../dlms/src/variant.c:1165:5:var_toInteger	48	static
../dlms/src/variant.c:1283:6:va_isAttached	16	static
../dlms/src/variant.c:1288:10:va_size	16	static
../dlms/src/variant.c:1293:10:va_getCapacity	16	static
../dlms/src/variant.c:1299:6:va_init	16	static
../dlms/src/variant.c:1307:5:va_capacity	16	static
../dlms/src/variant.c:1366:5:va_push	24	static
../dlms/src/variant.c:1416:6:va_clear	16	static
../dlms/src/variant.c:1441:6:va_attach	24	static
../dlms/src/variant.c:1453:6:va_attach2	16	static
../dlms/src/variant.c:1465:5:va_getByIndex	32	static
../dlms/src/variant.c:2268:5:var_copy	32	static
../dlms/src/variant.c:2543:5:var_setBoolean	24	static
../dlms/src/variant.c:2556:5:var_byRef	32	static
../dlms/src/variant.c:2586:5:var_getDateTime	16	static
../dlms/src/variant.c:2610:8:var_toDouble	16	static
