../Core/Src/dlsm_app.c:32:6:time_current	4	static
../Core/Src/dlsm_app.c:39:10:time_elapsed	4	static
../Core/Src/dlsm_app.c:46:6:time_now	16	static
../Core/Src/dlsm_app.c:59:10:SERIALIZER_SIZE	4	static
../Core/Src/dlsm_app.c:66:12:SERIALIZER_LOAD	32	static
../Core/Src/dlsm_app.c:84:12:SERIALIZER_SAVE	32	static
../Core/Src/dlsm_app.c:113:19:uart_write	16	static
../Core/Src/dlsm_app.c:136:6:GXTRACE	16	static
../Core/Src/dlsm_app.c:158:6:GXTRACE_INT	32	static
../Core/Src/dlsm_app.c:204:5:saveSettings	24	static
../Core/Src/dlsm_app.c:226:5:loadSettings	16	static
../Core/Src/dlsm_app.c:241:5:addAssociation	16	static
../Core/Src/dlsm_app.c:261:5:addLogicalDeviceName	24	static
../Core/Src/dlsm_app.c:277:5:addClockObject	48	static
../Core/Src/dlsm_app.c:304:5:addIecHdlcSetup	24	static
../Core/Src/dlsm_app.c:323:5:addRegisterObject	16	static
../Core/Src/dlsm_app.c:333:5:svr_findObject	24	static
../Core/Src/dlsm_app.c:350:6:svr_preRead	32	static
../Core/Src/dlsm_app.c:393:6:svr_preWrite	16	static
../Core/Src/dlsm_app.c:417:6:svr_preAction	32	static
../Core/Src/dlsm_app.c:442:6:svr_postRead	16	static
../Core/Src/dlsm_app.c:450:6:svr_postWrite	16	static
../Core/Src/dlsm_app.c:459:6:svr_postAction	32	static
../Core/Src/dlsm_app.c:474:15:svr_isTarget	24	static
../Core/Src/dlsm_app.c:497:24:svr_validateAuthentication	24	static
../Core/Src/dlsm_app.c:516:18:svr_getAttributeAccess	24	static
../Core/Src/dlsm_app.c:546:25:svr_getMethodAccess	24	static
../Core/Src/dlsm_app.c:571:5:svr_connected	16	static
../Core/Src/dlsm_app.c:583:5:svr_invalidConnection	16	static
../Core/Src/dlsm_app.c:591:5:svr_disconnected	16	static
../Core/Src/dlsm_app.c:597:6:svr_preGet	32	static
../Core/Src/dlsm_app.c:612:6:svr_postGet	16	static
../Core/Src/dlsm_app.c:619:5:createObjects	16	static
../Core/Src/dlsm_app.c:641:6:Receive	16	static
../Core/Src/dlsm_app.c:650:5:dlms_app_entry	48	static
../Core/Src/dlsm_app.c:706:6:HAL_UART_RxCpltCallback	16	static
