Archive member included to satisfy reference by file (symbol)

C:/ST/STM32CubeIDE_2.2.0/STM32CubeIDE/plugins/com.st.stm32cube.ide.mcu.externaltools.gnu-tools-for-stm32.14.3.rel1.win32_1.0.100.202602081740/tools/bin/../lib/gcc/arm-none-eabi/14.3.1/../../../../arm-none-eabi/lib/thumb/v7e-m+fp/hard\libc_nano.a(libc_a-exit.o)
                              C:/ST/STM32CubeIDE_2.2.0/STM32CubeIDE/plugins/com.st.stm32cube.ide.mcu.externaltools.gnu-tools-for-stm32.14.3.rel1.win32_1.0.100.202602081740/tools/bin/../lib/gcc/arm-none-eabi/14.3.1/../../../../arm-none-eabi/lib/thumb/v7e-m+fp/hard/crt0.o (exit)
C:/ST/STM32CubeIDE_2.2.0/STM32CubeIDE/plugins/com.st.stm32cube.ide.mcu.externaltools.gnu-tools-for-stm32.14.3.rel1.win32_1.0.100.202602081740/tools/bin/../lib/gcc/arm-none-eabi/14.3.1/../../../../arm-none-eabi/lib/thumb/v7e-m+fp/hard\libc_nano.a(libc_a-findfp.o)
                              C:/ST/STM32CubeIDE_2.2.0/STM32CubeIDE/plugins/com.st.stm32cube.ide.mcu.externaltools.gnu-tools-for-stm32.14.3.rel1.win32_1.0.100.202602081740/tools/bin/../lib/gcc/arm-none-eabi/14.3.1/../../../../arm-none-eabi/lib/thumb/v7e-m+fp/hard\libc_nano.a(libc_a-exit.o) (__stdio_exit_handler)
C:/ST/STM32CubeIDE_2.2.0/STM32CubeIDE/plugins/com.st.stm32cube.ide.mcu.externaltools.gnu-tools-for-stm32.14.3.rel1.win32_1.0.100.202602081740/tools/bin/../lib/gcc/arm-none-eabi/14.3.1/../../../../arm-none-eabi/lib/thumb/v7e-m+fp/hard\libc_nano.a(libc_a-fwalk.o)
                              C:/ST/STM32CubeIDE_2.2.0/STM32CubeIDE/plugins/com.st.stm32cube.ide.mcu.externaltools.gnu-tools-for-stm32.14.3.rel1.win32_1.0.100.202602081740/tools/bin/../lib/gcc/arm-none-eabi/14.3.1/../../../../arm-none-eabi/lib/thumb/v7e-m+fp/hard\libc_nano.a(libc_a-findfp.o) (_fwalk_sglue)
C:/ST/STM32CubeIDE_2.2.0/STM32CubeIDE/plugins/com.st.stm32cube.ide.mcu.externaltools.gnu-tools-for-stm32.14.3.rel1.win32_1.0.100.202602081740/tools/bin/../lib/gcc/arm-none-eabi/14.3.1/../../../../arm-none-eabi/lib/thumb/v7e-m+fp/hard\libc_nano.a(libc_a-printf.o)
                              ./dlms/src/date.o (printf)
C:/ST/STM32CubeIDE_2.2.0/STM32CubeIDE/plugins/com.st.stm32cube.ide.mcu.externaltools.gnu-tools-for-stm32.14.3.rel1.win32_1.0.100.202602081740/tools/bin/../lib/gcc/arm-none-eabi/14.3.1/../../../../arm-none-eabi/lib/thumb/v7e-m+fp/hard\libc_nano.a(libc_a-sprintf.o)
                              ./Core/Src/dlsm_app.o (sprintf)
C:/ST/STM32CubeIDE_2.2.0/STM32CubeIDE/plugins/com.st.stm32cube.ide.mcu.externaltools.gnu-tools-for-stm32.14.3.rel1.win32_1.0.100.202602081740/tools/bin/../lib/gcc/arm-none-eabi/14.3.1/../../../../arm-none-eabi/lib/thumb/v7e-m+fp/hard\libc_nano.a(libc_a-stdio.o)
                              C:/ST/STM32CubeIDE_2.2.0/STM32CubeIDE/plugins/com.st.stm32cube.ide.mcu.externaltools.gnu-tools-for-stm32.14.3.rel1.win32_1.0.100.202602081740/tools/bin/../lib/gcc/arm-none-eabi/14.3.1/../../../../arm-none-eabi/lib/thumb/v7e-m+fp/hard\libc_nano.a(libc_a-findfp.o) (__sread)
C:/ST/STM32CubeIDE_2.2.0/STM32CubeIDE/plugins/com.st.stm32cube.ide.mcu.externaltools.gnu-tools-for-stm32.14.3.rel1.win32_1.0.100.202602081740/tools/bin/../lib/gcc/arm-none-eabi/14.3.1/../../../../arm-none-eabi/lib/thumb/v7e-m+fp/hard\libc_nano.a(libc_a-memcmp.o)
                              ./dlms/src/apdu.o (memcmp)
C:/ST/STM32CubeIDE_2.2.0/STM32CubeIDE/plugins/com.st.stm32cube.ide.mcu.externaltools.gnu-tools-for-stm32.14.3.rel1.win32_1.0.100.202602081740/tools/bin/../lib/gcc/arm-none-eabi/14.3.1/../../../../arm-none-eabi/lib/thumb/v7e-m+fp/hard\libc_nano.a(libc_a-memmove.o)
                              ./dlms/src/bytebuffer.o (memmove)
C:/ST/STM32CubeIDE_2.2.0/STM32CubeIDE/plugins/com.st.stm32cube.ide.mcu.externaltools.gnu-tools-for-stm32.14.3.rel1.win32_1.0.100.202602081740/tools/bin/../lib/gcc/arm-none-eabi/14.3.1/../../../../arm-none-eabi/lib/thumb/v7e-m+fp/hard\libc_nano.a(libc_a-memset.o)
                              C:/ST/STM32CubeIDE_2.2.0/STM32CubeIDE/plugins/com.st.stm32cube.ide.mcu.externaltools.gnu-tools-for-stm32.14.3.rel1.win32_1.0.100.202602081740/tools/bin/../lib/gcc/arm-none-eabi/14.3.1/../../../../arm-none-eabi/lib/thumb/v7e-m+fp/hard/crt0.o (memset)
C:/ST/STM32CubeIDE_2.2.0/STM32CubeIDE/plugins/com.st.stm32cube.ide.mcu.externaltools.gnu-tools-for-stm32.14.3.rel1.win32_1.0.100.202602081740/tools/bin/../lib/gcc/arm-none-eabi/14.3.1/../../../../arm-none-eabi/lib/thumb/v7e-m+fp/hard\libc_nano.a(libc_a-lcltime.o)
                              ./dlms/src/date.o (localtime)
C:/ST/STM32CubeIDE_2.2.0/STM32CubeIDE/plugins/com.st.stm32cube.ide.mcu.externaltools.gnu-tools-for-stm32.14.3.rel1.win32_1.0.100.202602081740/tools/bin/../lib/gcc/arm-none-eabi/14.3.1/../../../../arm-none-eabi/lib/thumb/v7e-m+fp/hard\libc_nano.a(libc_a-lcltime_r.o)
[...]
Memory Configuration

Name             Origin             Length             Attributes
RAM              0x20000000         0x00020000         xrw
FLASH            0x08000000         0x00080000         xr
*default*        0x00000000         0xffffffff

Linker script and memory map

LOAD C:/ST/STM32CubeIDE_2.2.0/STM32CubeIDE/plugins/com.st.stm32cube.ide.mcu.externaltools.gnu-tools-for-stm32.14.3.rel1.win32_1.0.100.202602081740/tools/bin/../lib/gcc/arm-none-eabi/14.3.1/thumb/v7e-m+fp/hard/crti.o
LOAD C:/ST/STM32CubeIDE_2.2.0/STM32CubeIDE/plugins/com.st.stm32cube.ide.mcu.externaltools.gnu-tools-for-stm32.14.3.rel1.win32_1.0.100.202602081740/tools/bin/../lib/gcc/arm-none-eabi/14.3.1/thumb/v7e-m+fp/hard/crtbegin.o
LOAD C:/ST/STM32CubeIDE_2.2.0/STM32CubeIDE/plugins/com.st.stm32cube.ide.mcu.externaltools.gnu-tools-for-stm32.14.3.rel1.win32_1.0.100.202602081740/tools/bin/../lib/gcc/arm-none-eabi/14.3.1/../../../../arm-none-eabi/lib/thumb/v7e-m+fp/hard/crt0.o
LOAD ./Core/Src/dlsm_app.o
LOAD ./Core/Src/main.o
LOAD ./Core/Src/stm32f4xx_hal_msp.o
LOAD ./Core/Src/stm32f4xx_it.o
LOAD ./Core/Src/syscalls.o
LOAD ./Core/Src/sysmem.o
LOAD ./Core/Src/system_stm32f4xx.o
LOAD ./Core/Startup/startup_stm32f446retx.o
LOAD ./Drivers/BSP/STM32F4xx-Nucleo/stm32f4xx_nucleo.o
LOAD ./Drivers/STM32F4xx_HAL_Driver/Src/stm32f4xx_hal.o
LOAD ./Drivers/STM32F4xx_HAL_Driver/Src/stm32f4xx_hal_cortex.o
LOAD ./Drivers/STM32F4xx_HAL_Driver/Src/stm32f4xx_hal_dma.o
LOAD ./Drivers/STM32F4xx_HAL_Driver/Src/stm32f4xx_hal_dma_ex.o
LOAD ./Drivers/STM32F4xx_HAL_Driver/Src/stm32f4xx_hal_exti.o
LOAD ./Drivers/STM32F4xx_HAL_Driver/Src/stm32f4xx_hal_flash.o
LOAD ./Drivers/STM32F4xx_HAL_Driver/Src/stm32f4xx_hal_flash_ex.o
LOAD ./Drivers/STM32F4xx_HAL_Driver/Src/stm32f4xx_hal_flash_ramfunc.o
LOAD ./Drivers/STM32F4xx_HAL_Driver/Src/stm32f4xx_hal_gpio.o
LOAD ./Drivers/STM32F4xx_HAL_Driver/Src/stm32f4xx_hal_pwr.o
LOAD ./Drivers/STM32F4xx_HAL_Driver/Src/stm32f4xx_hal_pwr_ex.o
LOAD ./Drivers/STM32F4xx_HAL_Driver/Src/stm32f4xx_hal_rcc.o
LOAD ./Drivers/STM32F4xx_HAL_Driver/Src/stm32f4xx_hal_rcc_ex.o
LOAD ./Drivers/STM32F4xx_HAL_Driver/Src/stm32f4xx_hal_uart.o
LOAD ./dlms/src/apdu.o
LOAD ./dlms/src/asn1Parser.o
LOAD ./dlms/src/bigInteger.o
LOAD ./dlms/src/bitarray.o
LOAD ./dlms/src/bytebuffer.o
LOAD ./dlms/src/ciphering.o
LOAD ./dlms/src/client.o
LOAD ./dlms/src/converters.o
LOAD ./dlms/src/cosem.o
LOAD ./dlms/src/curve.o
LOAD ./dlms/src/datainfo.o
LOAD ./dlms/src/date.o
LOAD ./dlms/src/dlms.o
LOAD ./dlms/src/dlmsSettings.o
LOAD ./dlms/src/eccPoint.o
LOAD ./dlms/src/gx509Certificate.o
LOAD ./dlms/src/gxPkcs10.o
LOAD ./dlms/src/gxaes.o
LOAD ./dlms/src/gxarray.o
LOAD ./dlms/src/gxecdsa.o
LOAD ./dlms/src/gxget.o
LOAD ./dlms/src/gxinvoke.o
LOAD ./dlms/src/gxkey.o
LOAD ./dlms/src/gxmd5.o
LOAD ./dlms/src/gxobjects.o
LOAD ./dlms/src/gxserializer.o
LOAD ./dlms/src/gxset.o
LOAD ./dlms/src/gxsetignoremalloc.o
LOAD ./dlms/src/gxsetmalloc.o
LOAD ./dlms/src/gxsha1.o
LOAD ./dlms/src/gxsha256.o
LOAD ./dlms/src/gxsha384.o
LOAD ./dlms/src/gxvalueeventargs.o
LOAD ./dlms/src/helpers.o
LOAD ./dlms/src/message.o
LOAD ./dlms/src/notify.o
LOAD ./dlms/src/objectarray.o
LOAD ./dlms/src/parameters.o
LOAD ./dlms/src/privateKey.o
LOAD ./dlms/src/publicKey.o
LOAD ./dlms/src/replydata.o
LOAD ./dlms/src/server.o
LOAD ./dlms/src/serverevents.o
LOAD ./dlms/src/shamirs.o
LOAD ./dlms/src/variant.o
START GROUP
LOAD C:/ST/STM32CubeIDE_2.2.0/STM32CubeIDE/plugins/com.st.stm32cube.ide.mcu.externaltools.gnu-tools-for-stm32.14.3.rel1.win32_1.0.100.202602081740/tools/bin/../lib/gcc/arm-none-eabi/14.3.1/../../../../arm-none-eabi/lib/thumb/v7e-m+fp/hard\libc_nano.a
LOAD C:/ST/STM32CubeIDE_2.2.0/STM32CubeIDE/plugins/com.st.stm32cube.ide.mcu.externaltools.gnu-tools-for-stm32.14.3.rel1.win32_1.0.100.202602081740/tools/bin/../lib/gcc/arm-none-eabi/14.3.1/../../../../arm-none-eabi/lib/thumb/v7e-m+fp/hard\libm.a
END GROUP
START GROUP
LOAD C:/ST/STM32CubeIDE_2.2.0/STM32CubeIDE/plugins/com.st.stm32cube.ide.mcu.externaltools.gnu-tools-for-stm32.14.3.rel1.win32_1.0.100.202602081740/tools/bin/../lib/gcc/arm-none-eabi/14.3.1/thumb/v7e-m+fp/hard\libgcc.a
LOAD C:/ST/STM32CubeIDE_2.2.0/STM32CubeIDE/plugins/com.st.stm32cube.ide.mcu.externaltools.gnu-tools-for-stm32.14.3.rel1.win32_1.0.100.202602081740/tools/bin/../lib/gcc/arm-none-eabi/14.3.1/../../../../arm-none-eabi/lib/thumb/v7e-m+fp/hard\libc_nano.a
END GROUP
START GROUP
LOAD C:/ST/STM32CubeIDE_2.2.0/STM32CubeIDE/plugins/com.st.stm32cube.ide.mcu.externaltools.gnu-tools-for-stm32.14.3.rel1.win32_1.0.100.202602081740/tools/bin/../lib/gcc/arm-none-eabi/14.3.1/thumb/v7e-m+fp/hard\libgcc.a
LOAD C:/ST/STM32CubeIDE_2.2.0/STM32CubeIDE/plugins/com.st.stm32cube.ide.mcu.externaltools.gnu-tools-for-stm32.14.3.rel1.win32_1.0.100.202602081740/tools/bin/../lib/gcc/arm-none-eabi/14.3.1/../../../../arm-none-eabi/lib/thumb/v7e-m+fp/hard\libc_nano.a
LOAD C:/ST/STM32CubeIDE_2.2.0/STM32CubeIDE/plugins/com.st.stm32cube.ide.mcu.externaltools.gnu-tools-for-stm32.14.3.rel1.win32_1.0.100.202602081740/tools/bin/../lib/gcc/arm-none-eabi/14.3.1/../../../../arm-none-eabi/lib/thumb/v7e-m+fp/hard\libnosys.a
END GROUP
START GROUP
LOAD C:/ST/STM32CubeIDE_2.2.0/STM32CubeIDE/plugins/com.st.stm32cube.ide.mcu.externaltools.gnu-tools-for-stm32.14.3.rel1.win32_1.0.100.202602081740/tools/bin/../lib/gcc/arm-none-eabi/14.3.1/thumb/v7e-m+fp/hard\libgcc.a
LOAD C:/ST/STM32CubeIDE_2.2.0/STM32CubeIDE/plugins/com.st.stm32cube.ide.mcu.externaltools.gnu-tools-for-stm32.14.3.rel1.win32_1.0.100.202602081740/tools/bin/../lib/gcc/arm-none-eabi/14.3.1/../../../../arm-none-eabi/lib/thumb/v7e-m+fp/hard\libc_nano.a
LOAD C:/ST/STM32CubeIDE_2.2.0/STM32CubeIDE/plugins/com.st.stm32cube.ide.mcu.externaltools.gnu-tools-for-stm32.14.3.rel1.win32_1.0.100.202602081740/tools/bin/../lib/gcc/arm-none-eabi/14.3.1/../../../../arm-none-eabi/lib/thumb/v7e-m+fp/hard\libnosys.a
END GROUP
LOAD C:/ST/STM32CubeIDE_2.2.0/STM32CubeIDE/plugins/com.st.stm32cube.ide.mcu.externaltools.gnu-tools-for-stm32.14.3.rel1.win32_1.0.100.202602081740/tools/bin/../lib/gcc/arm-none-eabi/14.3.1/thumb/v7e-m+fp/hard/crtend.o
LOAD C:/ST/STM32CubeIDE_2.2.0/STM32CubeIDE/plugins/com.st.stm32cube.ide.mcu.externaltools.gnu-tools-for-stm32.14.3.rel1.win32_1.0.100.202602081740/tools/bin/../lib/gcc/arm-none-eabi/14.3.1/thumb/v7e-m+fp/hard/crtn.o
                0x20020000                        _estack = (ORIGIN (RAM) + LENGTH (RAM))
                0x00000200                        _Min_Heap_Size = 0x200
                0x00000400                        _Min_Stack_Size = 0x400

.isr_vector     0x08000000      0x1c4
                0x08000000                        . = ALIGN (0x4)
 *(.isr_vector)
 .isr_vector    0x08000000      0x1c4 ./Core/Startup/startup_stm32f446retx.o
                0x08000000                g_pfnVectors
                0x080001c4                        . = ALIGN (0x4)

.text           0x080001d0    0x32418
                0x080001d0                        . = ALIGN (0x4)
 *(.text)
 .text          0x080001d0       0x40 C:/ST/STM32CubeIDE_2.2.0/STM32CubeIDE/plugins/com.st.stm32cube.ide.mcu.externaltools.gnu-tools-for-stm32.14.3.rel1.win32_1.0.100.202602081740/tools/bin/../lib/gcc/arm-none-eabi/14.3.1/thumb/v7e-m+fp/hard/crtbegin.o
 .text          0x08000210       0x14 C:/ST/STM32CubeIDE_2.2.0/STM32CubeIDE/plugins/com.st.stm32cube.ide.mcu.externaltools.gnu-tools-for-stm32.14.3.rel1.win32_1.0.100.202602081740/tools/bin/../lib/gcc/arm-none-eabi/14.3.1/../../../../arm-none-eabi/lib/thumb/v7e-m+fp/hard\libc_nano.a(libc_a-strcmp.o)
                0x08000210                strcmp
 .text          0x08000224       0x10 C:/ST/STM32CubeIDE_2.2.0/STM32CubeIDE/plugins/com.st.stm32cube.ide.mcu.externaltools.gnu-tools-for-stm32.14.3.rel1.win32_1.0.100.202602081740/tools/bin/../lib/gcc/arm-none-eabi/14.3.1/../../../../arm-none-eabi/lib/thumb/v7e-m+fp/hard\libc_nano.a(libc_a-strlen.o)
                0x08000224                strlen
 *fill*         0x08000234        0xc 
 .text          0x08000240       0xa0 C:/ST/STM32CubeIDE_2.2.0/STM32CubeIDE/plugins/com.st.stm32cube.ide.mcu.externaltools.gnu-tools-for-stm32.14.3.rel1.win32_1.0.100.202602081740/tools/bin/../lib/gcc/arm-none-eabi/14.3.1/../../../../arm-none-eabi/lib/thumb/v7e-m+fp/hard\libc_nano.a(libc_a-memchr.o)
                0x08000240                memchr
 .text          0x080002e0      0x378 C:/ST/STM32CubeIDE_2.2.0/STM32CubeIDE/plugins/com.st.stm32cube.ide.mcu.externaltools.gnu-tools-for-stm32.14.3.rel1.win32_1.0.100.202602081740/tools/bin/../lib/gcc/arm-none-eabi/14.3.1/thumb/v7e-m+fp/hard\libgcc.a(_arm_addsubdf3.o)
                0x080002e0                __aeabi_drsub
                0x080002e8                __aeabi_dsub
                0x080002e8                __subdf3
                0x080002ec                __aeabi_dadd
                0x080002ec                __adddf3
                0x08000564                __floatunsidf
                0x08000564                __aeabi_ui2d
                0x08000584                __floatsidf
                0x08000584                __aeabi_i2d
                0x080005a8                __aeabi_f2d
                0x080005a8                __extendsfdf2
                0x080005ec                __floatundidf
                0x080005ec                __aeabi_ul2d
                0x080005fc                __floatdidf
                0x080005fc                __aeabi_l2d
 .text          0x08000658      0x424 C:/ST/STM32CubeIDE_2.2.0/STM32CubeIDE/plugins/com.st.stm32cube.ide.mcu.externaltools.gnu-tools-for-stm32.14.3.rel1.win32_1.0.100.202602081740/tools/bin/../lib/gcc/arm-none-eabi/14.3.1/thumb/v7e-m+fp/hard\libgcc.a(_arm_muldivdf3.o)
                0x08000658                __aeabi_dmul
                0x08000658                __muldf3
                0x080008ac                __divdf3
                0x080008ac                __aeabi_ddiv
 .text          0x08000a7c       0x50 C:/ST/STM32CubeIDE_2.2.0/STM32CubeIDE/plugins/com.st.stm32cube.ide.mcu.externaltools.gnu-tools-for-stm32.14.3.rel1.win32_1.0.100.202602081740/tools/bin/../lib/gcc/arm-none-eabi/14.3.1/thumb/v7e-m+fp/hard\libgcc.a(_arm_fixdfsi.o)
                0x08000a7c                __aeabi_d2iz
                0x08000a7c                __fixdfsi
 .text          0x08000acc       0x40 C:/ST/STM32CubeIDE_2.2.0/STM32CubeIDE/plugins/com.st.stm32cube.ide.mcu.externaltools.gnu-tools-for-stm32.14.3.rel1.win32_1.0.100.202602081740/tools/bin/../lib/gcc/arm-none-eabi/14.3.1/thumb/v7e-m+fp/hard\libgcc.a(_arm_fixunsdfsi.o)
                0x08000acc                __aeabi_d2uiz
                0x08000acc                __fixunsdfsi
 .text          0x08000b0c       0x30 C:/ST/STM32CubeIDE_2.2.0/STM32CubeIDE/plugins/com.st.stm32cube.ide.mcu.externaltools.gnu-tools-for-stm32.14.3.rel1.win32_1.0.100.202602081740/tools/bin/../lib/gcc/arm-none-eabi/14.3.1/thumb/v7e-m+fp/hard\libgcc.a(_aeabi_uldivmod.o)
                0x08000b0c                __aeabi_uldivmod
 .text          0x08000b3c      0x2f8 C:/ST/STM32CubeIDE_2.2.0/STM32CubeIDE/plugins/com.st.stm32cube.ide.mcu.externaltools.gnu-tools-for-stm32.14.3.rel1.win32_1.0.100.202602081740/tools/bin/../lib/gcc/arm-none-eabi/14.3.1/thumb/v7e-m+fp/hard\libgcc.a(_udivmoddi4.o)
                0x08000b3c                __udivmoddi4
 .text          0x08000e34        0x4 C:/ST/STM32CubeIDE_2.2.0/STM32CubeIDE/plugins/com.st.stm32cube.ide.mcu.externaltools.gnu-tools-for-stm32.14.3.rel1.win32_1.0.100.202602081740/tools/bin/../lib/gcc/arm-none-eabi/14.3.1/thumb/v7e-m+fp/hard\libgcc.a(_dvmd_tls.o)
                0x08000e34                __aeabi_idiv0
                0x08000e34                __aeabi_ldiv0
 *(.text*)
 .text.time_elapsed
                0x08000e38       0x10 ./Core/Src/dlsm_app.o
                0x08000e38                time_elapsed
 .text.time_now
                0x08000e48       0x18 ./Core/Src/dlsm_app.o
                0x08000e48                time_now
 .text.uart_write
                0x08000e60       0x28 ./Core/Src/dlsm_app.o
 .text.GXTRACE  0x08000e88       0x16 ./Core/Src/dlsm_app.o
                0x08000e88                GXTRACE
 .text.GXTRACE_INT
                0x08000e9e       0x2a ./Core/Src/dlsm_app.o
                0x08000e9e                GXTRACE_INT
 .text.loadSettings
                0x08000ec8       0x34 ./Core/Src/dlsm_app.o
                0x08000ec8                loadSettings
 .text.addAssociation
                0x08000efc       0x5c ./Core/Src/dlsm_app.o
                0x08000efc                addAssociation
 .text.addLogicalDeviceName
                0x08000f58       0x74 ./Core/Src/dlsm_app.o
                0x08000f58                addLogicalDeviceName
 .text.addClockObject
                0x08000fcc       0xbc ./Core/Src/dlsm_app.o
                0x08000fcc                addClockObject
 .text.addIecHdlcSetup
                0x08001088       0x78 ./Core/Src/dlsm_app.o
                0x08001088                addIecHdlcSetup
 .text.addRegisterObject
                0x08001100       0x44 ./Core/Src/dlsm_app.o
                0x08001100                addRegisterObject
 .text.svr_findObject
                0x08001144       0x30 ./Core/Src/dlsm_app.o
                0x08001144                svr_findObject
 .text.svr_preRead
                0x08001174       0xb8 ./Core/Src/dlsm_app.o
                0x08001174                svr_preRead
 .text.svr_preWrite
                0x0800122c       0x16 ./Core/Src/dlsm_app.o
                0x0800122c                svr_preWrite
 .text.svr_preAction
                0x08001242       0x42 ./Core/Src/dlsm_app.o
                0x08001242                svr_preAction
 .text.svr_postRead
                0x08001284       0x16 ./Core/Src/dlsm_app.o
                0x08001284                svr_postRead
 .text.svr_postWrite
                0x0800129a       0x16 ./Core/Src/dlsm_app.o
                0x0800129a                svr_postWrite
 .text.svr_postAction
                0x080012b0       0x42 ./Core/Src/dlsm_app.o
                0x080012b0                svr_postAction
 *fill*         0x080012f2        0x2 
 .text.svr_isTarget
                0x080012f4       0x74 ./Core/Src/dlsm_app.o
                0x080012f4                svr_isTarget
 .text.svr_validateAuthentication
                0x08001368       0x26 ./Core/Src/dlsm_app.o
                0x08001368                svr_validateAuthentication
 .text.svr_getAttributeAccess
                0x0800138e       0x4e ./Core/Src/dlsm_app.o
                0x0800138e                svr_getAttributeAccess
 .text.svr_getMethodAccess
                0x080013dc       0x44 ./Core/Src/dlsm_app.o
                0x080013dc                svr_getMethodAccess
 .text.svr_connected
                0x08001420       0x16 ./Core/Src/dlsm_app.o
                0x08001420                svr_connected
 .text.svr_invalidConnection
                0x08001436       0x16 ./Core/Src/dlsm_app.o
                0x08001436                svr_invalidConnection
 .text.svr_disconnected
                0x0800144c       0x16 ./Core/Src/dlsm_app.o
                0x0800144c                svr_disconnected
 .text.svr_preGet
                0x08001462       0x42 ./Core/Src/dlsm_app.o
                0x08001462                svr_preGet
 .text.svr_postGet
                0x080014a4       0x16 ./Core/Src/dlsm_app.o
                0x080014a4                svr_postGet
 *fill*         0x080014ba        0x2 
 .text.createObjects
                0x080014bc       0x94 ./Core/Src/dlsm_app.o
                0x080014bc                createObjects
 .text.Receive  0x08001550       0x48 ./Core/Src/dlsm_app.o
                0x08001550                Receive
 .text.dlms_app_entry
                0x08001598      0x158 ./Core/Src/dlsm_app.o
                0x08001598                dlms_app_entry
 .text.HAL_UART_RxCpltCallback
                0x080016f0       0x24 ./Core/Src/dlsm_app.o
                0x080016f0                HAL_UART_RxCpltCallback
 .text.main     0x08001714       0x2e ./Core/Src/main.o
                0x08001714                main
 *fill*         0x08001742        0x2 
 .text.SystemClock_Config
                0x08001744       0xdc ./Core/Src/main.o
                0x08001744                SystemClock_Config
 .text.MX_USART1_UART_Init
                0x08001820       0x54 ./Core/Src/main.o
 .text.MX_USART2_UART_Init
                0x08001874       0x54 ./Core/Src/main.o
 .text.MX_GPIO_Init
                0x080018c8       0x88 ./Core/Src/main.o
 .text.HAL_GPIO_EXTI_Callback
                0x08001950       0x20 ./Core/Src/main.o
                0x08001950                HAL_GPIO_EXTI_Callback
 .text.Error_Handler
                0x08001970        0xc ./Core/Src/main.o
                0x08001970                Error_Handler
 .text.HAL_MspInit
                0x0800197c       0x50 ./Core/Src/stm32f4xx_hal_msp.o
                0x0800197c                HAL_MspInit
 .text.HAL_UART_MspInit
                0x080019cc      0x118 ./Core/Src/stm32f4xx_hal_msp.o
                0x080019cc                HAL_UART_MspInit
 .text.NMI_Handler
                0x08001ae4        0x8 ./Core/Src/stm32f4xx_it.o
                0x08001ae4                NMI_Handler
 .text.HardFault_Handler
                0x08001aec        0x8 ./Core/Src/stm32f4xx_it.o
                0x08001aec                HardFault_Handler
 .text.MemManage_Handler
                0x08001af4        0x8 ./Core/Src/stm32f4xx_it.o
                0x08001af4                MemManage_Handler
 .text.BusFault_Handler
                0x08001afc        0x8 ./Core/Src/stm32f4xx_it.o
                0x08001afc                BusFault_Handler
 .text.UsageFault_Handler
                0x08001b04        0x8 ./Core/Src/stm32f4xx_it.o
                0x08001b04                UsageFault_Handler
 .text.SVC_Handler
                0x08001b0c        0xe ./Core/Src/stm32f4xx_it.o
                0x08001b0c                SVC_Handler
 .text.DebugMon_Handler
                0x08001b1a        0xe ./Core/Src/stm32f4xx_it.o
                0x08001b1a                DebugMon_Handler
 .text.PendSV_Handler
                0x08001b28        0xe ./Core/Src/stm32f4xx_it.o
                0x08001b28                PendSV_Handler
 .text.SysTick_Handler
                0x08001b36        0xc ./Core/Src/stm32f4xx_it.o
                0x08001b36                SysTick_Handler
 *fill*         0x08001b42        0x2 
 .text.USART1_IRQHandler
                0x08001b44       0x14 ./Core/Src/stm32f4xx_it.o
                0x08001b44                USART1_IRQHandler
 .text.USART2_IRQHandler
                0x08001b58       0x14 ./Core/Src/stm32f4xx_it.o
                0x08001b58                USART2_IRQHandler
 .text.EXTI15_10_IRQHandler
                0x08001b6c       0x10 ./Core/Src/stm32f4xx_it.o
                0x08001b6c                EXTI15_10_IRQHandler
 .text._sbrk    0x08001b7c       0x6c ./Core/Src/sysmem.o
                0x08001b7c                _sbrk
 .text.SystemInit
                0x08001be8       0x24 ./Core/Src/system_stm32f4xx.o
                0x08001be8                SystemInit
 .text.Reset_Handler
                0x08001c0c       0x50 ./Core/Startup/startup_stm32f446retx.o
                0x08001c0c                Reset_Handler
 .text.Default_Handler
                0x08001c5c        0x2 ./Core/Startup/startup_stm32f446retx.o
                0x08001c5c                RTC_Alarm_IRQHandler
                0x08001c5c                EXTI2_IRQHandler
                0x08001c5c                TIM8_CC_IRQHandler
                0x08001c5c                FMPI2C1_EV_IRQHandler
                0x08001c5c                SPI4_IRQHandler
                0x08001c5c                TIM1_CC_IRQHandler
                0x08001c5c                DMA2_Stream5_IRQHandler
                0x08001c5c                DMA1_Stream5_IRQHandler
                0x08001c5c                PVD_IRQHandler
                0x08001c5c                SDIO_IRQHandler
                0x08001c5c                TAMP_STAMP_IRQHandler
                0x08001c5c                CAN2_RX1_IRQHandler
                0x08001c5c                EXTI3_IRQHandler
                0x08001c5c                TIM8_TRG_COM_TIM14_IRQHandler
                0x08001c5c                TIM1_UP_TIM10_IRQHandler
                0x08001c5c                TIM8_UP_TIM13_IRQHandler
                0x08001c5c                I2C3_ER_IRQHandler
                0x08001c5c                EXTI0_IRQHandler
                0x08001c5c                I2C2_EV_IRQHandler
                0x08001c5c                DMA1_Stream2_IRQHandler
                0x08001c5c                CAN1_RX0_IRQHandler
                0x08001c5c                FPU_IRQHandler
                0x08001c5c                OTG_HS_WKUP_IRQHandler
                0x08001c5c                CAN2_SCE_IRQHandler
                0x08001c5c                DMA2_Stream2_IRQHandler
                0x08001c5c                SPI1_IRQHandler
                0x08001c5c                TIM6_DAC_IRQHandler
                0x08001c5c                TIM1_BRK_TIM9_IRQHandler
                0x08001c5c                DCMI_IRQHandler
                0x08001c5c                CAN2_RX0_IRQHandler
                0x08001c5c                DMA2_Stream3_IRQHandler
                0x08001c5c                SAI2_IRQHandler
                0x08001c5c                USART6_IRQHandler
                0x08001c5c                USART3_IRQHandler
                0x08001c5c                CAN1_RX1_IRQHandler
                0x08001c5c                UART5_IRQHandler
                0x08001c5c                DMA2_Stream0_IRQHandler
                0x08001c5c                TIM4_IRQHandler
                0x08001c5c                QUADSPI_IRQHandler
                0x08001c5c                I2C1_EV_IRQHandler
                0x08001c5c                DMA1_Stream6_IRQHandler
                0x08001c5c                DMA1_Stream1_IRQHandler
                0x08001c5c                UART4_IRQHandler
                0x08001c5c                TIM3_IRQHandler
                0x08001c5c                RCC_IRQHandler
                0x08001c5c                TIM8_BRK_TIM12_IRQHandler
                0x08001c5c                Default_Handler
                0x08001c5c                CEC_IRQHandler
                0x08001c5c                ADC_IRQHandler
                0x08001c5c                DMA1_Stream7_IRQHandler
                0x08001c5c                TIM7_IRQHandler
                0x08001c5c                CAN2_TX_IRQHandler
                0x08001c5c                TIM5_IRQHandler
                0x08001c5c                DMA2_Stream7_IRQHandler
                0x08001c5c                I2C3_EV_IRQHandler
                0x08001c5c                EXTI9_5_IRQHandler
                0x08001c5c                RTC_WKUP_IRQHandler
                0x08001c5c                SPDIF_RX_IRQHandler
                0x08001c5c                SPI2_IRQHandler
                0x08001c5c                OTG_HS_EP1_IN_IRQHandler
                0x08001c5c                DMA1_Stream0_IRQHandler
                0x08001c5c                CAN1_TX_IRQHandler
                0x08001c5c                FMPI2C1_ER_IRQHandler
                0x08001c5c                EXTI4_IRQHandler
                0x08001c5c                OTG_HS_EP1_OUT_IRQHandler
                0x08001c5c                WWDG_IRQHandler
                0x08001c5c                TIM2_IRQHandler
                0x08001c5c                OTG_FS_WKUP_IRQHandler
                0x08001c5c                TIM1_TRG_COM_TIM11_IRQHandler
                0x08001c5c                OTG_HS_IRQHandler
                0x08001c5c                EXTI1_IRQHandler
                0x08001c5c                I2C2_ER_IRQHandler
                0x08001c5c                DMA2_Stream1_IRQHandler
                0x08001c5c                CAN1_SCE_IRQHandler
                0x08001c5c                FLASH_IRQHandler
                0x08001c5c                DMA2_Stream4_IRQHandler
                0x08001c5c                OTG_FS_IRQHandler
                0x08001c5c                SPI3_IRQHandler
                0x08001c5c                DMA1_Stream4_IRQHandler
                0x08001c5c                I2C1_ER_IRQHandler
                0x08001c5c                FMC_IRQHandler
                0x08001c5c                DMA2_Stream6_IRQHandler
                0x08001c5c                SAI1_IRQHandler
                0x08001c5c                DMA1_Stream3_IRQHandler
 *fill*         0x08001c5e        0x2 
 .text.BSP_LED_Init
                0x08001c60       0x6c ./Drivers/BSP/STM32F4xx-Nucleo/stm32f4xx_nucleo.o
                0x08001c60                BSP_LED_Init
 .text.BSP_LED_Toggle
                0x08001ccc       0x28 ./Drivers/BSP/STM32F4xx-Nucleo/stm32f4xx_nucleo.o
                0x08001ccc                BSP_LED_Toggle
 .text.BSP_PB_Init
                0x08001cf4       0xac ./Drivers/BSP/STM32F4xx-Nucleo/stm32f4xx_nucleo.o
                0x08001cf4                BSP_PB_Init
 .text.HAL_Init
                0x08001da0       0x44 ./Drivers/STM32F4xx_HAL_Driver/Src/stm32f4xx_hal.o
                0x08001da0                HAL_Init
 .text.HAL_InitTick
                0x08001de4       0x60 ./Drivers/STM32F4xx_HAL_Driver/Src/stm32f4xx_hal.o
                0x08001de4                HAL_InitTick
 .text.HAL_IncTick
                0x08001e44       0x28 ./Drivers/STM32F4xx_HAL_Driver/Src/stm32f4xx_hal.o
                0x08001e44                HAL_IncTick
 .text.HAL_GetTick
                0x08001e6c       0x18 ./Drivers/STM32F4xx_HAL_Driver/Src/stm32f4xx_hal.o
                0x08001e6c                HAL_GetTick
 .text.__NVIC_SetPriorityGrouping
                0x08001e84       0x48 ./Drivers/STM32F4xx_HAL_Driver/Src/stm32f4xx_hal_cortex.o
 .text.__NVIC_GetPriorityGrouping
                0x08001ecc       0x1c ./Drivers/STM32F4xx_HAL_Driver/Src/stm32f4xx_hal_cortex.o
 .text.__NVIC_EnableIRQ
                0x08001ee8       0x3c ./Drivers/STM32F4xx_HAL_Driver/Src/stm32f4xx_hal_cortex.o
 .text.__NVIC_SetPriority
                0x08001f24       0x54 ./Drivers/STM32F4xx_HAL_Driver/Src/stm32f4xx_hal_cortex.o
 .text.NVIC_EncodePriority
                0x08001f78       0x66 ./Drivers/STM32F4xx_HAL_Driver/Src/stm32f4xx_hal_cortex.o
 *fill*         0x08001fde        0x2 
 .text.SysTick_Config
                0x08001fe0       0x44 ./Drivers/STM32F4xx_HAL_Driver/Src/stm32f4xx_hal_cortex.o
 .text.HAL_NVIC_SetPriorityGrouping
                0x08002024       0x16 ./Drivers/STM32F4xx_HAL_Driver/Src/stm32f4xx_hal_cortex.o
                0x08002024                HAL_NVIC_SetPriorityGrouping
 .text.HAL_NVIC_SetPriority
                0x0800203a       0x38 ./Drivers/STM32F4xx_HAL_Driver/Src/stm32f4xx_hal_cortex.o
                0x0800203a                HAL_NVIC_SetPriority
 .text.HAL_NVIC_EnableIRQ
                0x08002072       0x1c ./Drivers/STM32F4xx_HAL_Driver/Src/stm32f4xx_hal_cortex.o
                0x08002072                HAL_NVIC_EnableIRQ
 .text.HAL_SYSTICK_Config
                0x0800208e       0x18 ./Drivers/STM32F4xx_HAL_Driver/Src/stm32f4xx_hal_cortex.o
                0x0800208e                HAL_SYSTICK_Config
 .text.HAL_DMA_Abort
                0x080020a6       0xe0 ./Drivers/STM32F4xx_HAL_Driver/Src/stm32f4xx_hal_dma.o
                0x080020a6                HAL_DMA_Abort
 .text.HAL_DMA_Abort_IT
                0x08002186       0x44 ./Drivers/STM32F4xx_HAL_Driver/Src/stm32f4xx_hal_dma.o
                0x08002186                HAL_DMA_Abort_IT
 *fill*         0x080021ca        0x2 
 .text.HAL_GPIO_Init
                0x080021cc      0x328 ./Drivers/STM32F4xx_HAL_Driver/Src/stm32f4xx_hal_gpio.o
                0x080021cc                HAL_GPIO_Init
 .text.HAL_GPIO_WritePin
                0x080024f4       0x32 ./Drivers/STM32F4xx_HAL_Driver/Src/stm32f4xx_hal_gpio.o
                0x080024f4                HAL_GPIO_WritePin
 .text.HAL_GPIO_TogglePin
                0x08002526       0x34 ./Drivers/STM32F4xx_HAL_Driver/Src/stm32f4xx_hal_gpio.o
                0x08002526                HAL_GPIO_TogglePin
 *fill*         0x0800255a        0x2 
 .text.HAL_GPIO_EXTI_IRQHandler
                0x0800255c       0x30 ./Drivers/STM32F4xx_HAL_Driver/Src/stm32f4xx_hal_gpio.o
                0x0800255c                HAL_GPIO_EXTI_IRQHandler
 .text.HAL_RCC_ClockConfig
                0x0800258c      0x1cc ./Drivers/STM32F4xx_HAL_Driver/Src/stm32f4xx_hal_rcc.o
                0x0800258c                HAL_RCC_ClockConfig
 .text.HAL_RCC_GetHCLKFreq
                0x08002758       0x18 ./Drivers/STM32F4xx_HAL_Driver/Src/stm32f4xx_hal_rcc.o
                0x08002758                HAL_RCC_GetHCLKFreq
 .text.HAL_RCC_GetPCLK1Freq
                0x08002770       0x28 ./Drivers/STM32F4xx_HAL_Driver/Src/stm32f4xx_hal_rcc.o
                0x08002770                HAL_RCC_GetPCLK1Freq
 .text.HAL_RCC_GetPCLK2Freq
                0x08002798       0x28 ./Drivers/STM32F4xx_HAL_Driver/Src/stm32f4xx_hal_rcc.o
                0x08002798                HAL_RCC_GetPCLK2Freq
 .text.HAL_RCC_GetSysClockFreq
                0x080027c0      0x460 ./Drivers/STM32F4xx_HAL_Driver/Src/stm32f4xx_hal_rcc_ex.o
                0x080027c0                HAL_RCC_GetSysClockFreq
 .text.HAL_RCC_OscConfig
                0x08002c20      0x53c ./Drivers/STM32F4xx_HAL_Driver/Src/stm32f4xx_hal_rcc_ex.o
                0x08002c20                HAL_RCC_OscConfig
 .text.HAL_UART_Init
                0x0800315c       0xa0 ./Drivers/STM32F4xx_HAL_Driver/Src/stm32f4xx_hal_uart.o
                0x0800315c                HAL_UART_Init
 .text.HAL_UART_Transmit
                0x080031fc      0x116 ./Drivers/STM32F4xx_HAL_Driver/Src/stm32f4xx_hal_uart.o
                0x080031fc                HAL_UART_Transmit
 .text.HAL_UART_Receive_IT
                0x08003312       0x4a ./Drivers/STM32F4xx_HAL_Driver/Src/stm32f4xx_hal_uart.o
                0x08003312                HAL_UART_Receive_IT
 .text.HAL_UART_IRQHandler
                0x0800335c      0x554 ./Drivers/STM32F4xx_HAL_Driver/Src/stm32f4xx_hal_uart.o
                0x0800335c                HAL_UART_IRQHandler
 .text.HAL_UART_TxCpltCallback
                0x080038b0       0x14 ./Drivers/STM32F4xx_HAL_Driver/Src/stm32f4xx_hal_uart.o
                0x080038b0                HAL_UART_TxCpltCallback
 .text.HAL_UART_ErrorCallback
                0x080038c4       0x14 ./Drivers/STM32F4xx_HAL_Driver/Src/stm32f4xx_hal_uart.o
                0x080038c4                HAL_UART_ErrorCallback
 .text.HAL_UARTEx_RxEventCallback
                0x080038d8       0x18 ./Drivers/STM32F4xx_HAL_Driver/Src/stm32f4xx_hal_uart.o
                0x080038d8                HAL_UARTEx_RxEventCallback
 .text.UART_WaitOnFlagUntilTimeout
                0x080038f0       0xb2 ./Drivers/STM32F4xx_HAL_Driver/Src/stm32f4xx_hal_uart.o
 .text.UART_Start_Receive_IT
                0x080039a2       0x74 ./Drivers/STM32F4xx_HAL_Driver/Src/stm32f4xx_hal_uart.o
                0x080039a2                UART_Start_Receive_IT
 .text.UART_EndRxTransfer
                0x08003a16       0xc6 ./Drivers/STM32F4xx_HAL_Driver/Src/stm32f4xx_hal_uart.o
 .text.UART_DMAAbortOnError
                0x08003adc       0x22 ./Drivers/STM32F4xx_HAL_Driver/Src/stm32f4xx_hal_uart.o
 .text.UART_Transmit_IT
                0x08003afe       0xa0 ./Drivers/STM32F4xx_HAL_Driver/Src/stm32f4xx_hal_uart.o
 .text.UART_EndTransmit_IT
                0x08003b9e       0x30 ./Drivers/STM32F4xx_HAL_Driver/Src/stm32f4xx_hal_uart.o
 .text.UART_Receive_IT
                0x08003bce      0x17c ./Drivers/STM32F4xx_HAL_Driver/Src/stm32f4xx_hal_uart.o
 *fill*         0x08003d4a        0x2 
 .text.UART_SetConfig
                0x08003d4c      0x4e8 ./Drivers/STM32F4xx_HAL_Driver/Src/stm32f4xx_hal_uart.o
 .text.apdu_generateApplicationContextName
                0x08004234      0x268 ./dlms/src/apdu.o
                0x08004234                apdu_generateApplicationContextName
 .text.apdu_parseUserInformation
                0x0800449c      0x574 ./dlms/src/apdu.o
                0x0800449c                apdu_parseUserInformation
 .text.apdu_verifyUserInformation
                0x08004a10      0x3be ./dlms/src/apdu.o
                0x08004a10                apdu_verifyUserInformation
 .text.apdu_parseApplicationContextName
                0x08004dce      0x1de ./dlms/src/apdu.o
                0x08004dce                apdu_parseApplicationContextName
 .text.apdu_validateAare
                0x08004fac       0x50 ./dlms/src/apdu.o
                0x08004fac                apdu_validateAare
 .text.apdu_updatePassword
                0x08004ffc       0xc8 ./dlms/src/apdu.o
                0x08004ffc                apdu_updatePassword
 .text.apdu_updateAuthentication
                0x080050c4      0x132 ./dlms/src/apdu.o
                0x080050c4                apdu_updateAuthentication
 .text.apdu_getUserInformation
                0x080051f6      0x1c4 ./dlms/src/apdu.o
                0x080051f6                apdu_getUserInformation
 *fill*         0x080053ba        0x2 
 .text.apdu_handleResultComponent
                0x080053bc       0x88 ./dlms/src/apdu.o
                0x080053bc                apdu_handleResultComponent
 .text.apdu_parseProtocolVersion
                0x08005444       0x86 ./dlms/src/apdu.o
                0x08005444                apdu_parseProtocolVersion
 *fill*         0x080054ca        0x2 
 .text.apdu_parsePDU
                0x080054cc      0xabc ./dlms/src/apdu.o
                0x080054cc                apdu_parsePDU
 .text.apdu_generateAARE
                0x08005f88      0x4b4 ./dlms/src/apdu.o
                0x08005f88                apdu_generateAARE
 .text.ba_getByteCount
                0x0800643c       0x7c ./dlms/src/bitarray.o
                0x0800643c                ba_getByteCount
 .text.getByteIndex
                0x080064b8       0x44 ./dlms/src/bitarray.o
                0x080064b8                getByteIndex
 .text.ba_init  0x080064fc       0x2c ./dlms/src/bitarray.o
                0x080064fc                ba_init
 .text.ba_isAttached
                0x08006528       0x20 ./dlms/src/bitarray.o
                0x08006528                ba_isAttached
 .text.ba_getCapacity
                0x08006548       0x1e ./dlms/src/bitarray.o
                0x08006548                ba_getCapacity
 .text.ba_size  0x08006566       0x22 ./dlms/src/bitarray.o
                0x08006566                ba_size
 .text.ba_attach
                0x08006588       0x44 ./dlms/src/bitarray.o
                0x08006588                ba_attach
 .text.ba_capacity
                0x080065cc       0x2c ./dlms/src/bitarray.o
                0x080065cc                ba_capacity
 .text.ba_set   0x080065f8       0x24 ./dlms/src/bitarray.o
                0x080065f8                ba_set
 .text.ba_setByIndex
                0x0800661c      0x192 ./dlms/src/bitarray.o
                0x0800661c                ba_setByIndex
 .text.ba_clear
                0x080067ae       0x20 ./dlms/src/bitarray.o
                0x080067ae                ba_clear
 .text.ba_getByIndex
                0x080067ce       0x60 ./dlms/src/bitarray.o
                0x080067ce                ba_getByIndex
 .text.ba_toInteger
                0x0800682e       0x64 ./dlms/src/bitarray.o
                0x0800682e                ba_toInteger
 .text.bb_isAttached
                0x08006892       0x2a ./dlms/src/bytebuffer.o
                0x08006892                bb_isAttached
 .text.bb_available
                0x080068bc       0x2a ./dlms/src/bytebuffer.o
                0x080068bc                bb_available
 .text.bb_getCapacity
                0x080068e6       0x1e ./dlms/src/bytebuffer.o
                0x080068e6                bb_getCapacity
 .text.bb_size  0x08006904       0x22 ./dlms/src/bytebuffer.o
                0x08006904                bb_size
 .text.bb_init  0x08006926       0x2e ./dlms/src/bytebuffer.o
                0x08006926                bb_init
 .text.bb_capacity
                0x08006954       0x2c ./dlms/src/bytebuffer.o
                0x08006954                bb_capacity
 .text.bb_zero  0x08006980       0x72 ./dlms/src/bytebuffer.o
                0x08006980                bb_zero
 .text.bb_setUInt8
                0x080069f2       0x3e ./dlms/src/bytebuffer.o
                0x080069f2                bb_setUInt8
 .text.bb_insertUInt8
                0x08006a30       0x5c ./dlms/src/bytebuffer.o
                0x08006a30                bb_insertUInt8
 .text.bb_allocate
                0x08006a8c       0x34 ./dlms/src/bytebuffer.o
                0x08006a8c                bb_allocate
 .text.bb_setUInt8ByIndex
                0x08006ac0       0x46 ./dlms/src/bytebuffer.o
                0x08006ac0                bb_setUInt8ByIndex
 .text.bb_setUInt16
                0x08006b06       0x38 ./dlms/src/bytebuffer.o
                0x08006b06                bb_setUInt16
 .text.bb_setUInt16ByIndex
                0x08006b3e       0x62 ./dlms/src/bytebuffer.o
                0x08006b3e                bb_setUInt16ByIndex
 .text.bb_setUInt32
                0x08006ba0       0x36 ./dlms/src/bytebuffer.o
                0x08006ba0                bb_setUInt32
 .text.bb_setUInt32ByIndex
                0x08006bd6       0x70 ./dlms/src/bytebuffer.o
                0x08006bd6                bb_setUInt32ByIndex
 .text.bb_setUInt64
                0x08006c46      0x160 ./dlms/src/bytebuffer.o
                0x08006c46                bb_setUInt64
 .text.bb_setFloat
                0x08006da6       0x7a ./dlms/src/bytebuffer.o
                0x08006da6                bb_setFloat
 .text.bb_setDouble
                0x08006e20       0xbe ./dlms/src/bytebuffer.o
                0x08006e20                bb_setDouble
 .text.bb_setInt8
                0x08006ede       0x20 ./dlms/src/bytebuffer.o
                0x08006ede                bb_setInt8
 .text.bb_setInt16
                0x08006efe       0x20 ./dlms/src/bytebuffer.o
                0x08006efe                bb_setInt16
 .text.bb_setInt32
                0x08006f1e       0x1e ./dlms/src/bytebuffer.o
                0x08006f1e                bb_setInt32
 .text.bb_setInt64
                0x08006f3c       0x20 ./dlms/src/bytebuffer.o
                0x08006f3c                bb_setInt64
 .text.bb_set   0x08006f5c       0x72 ./dlms/src/bytebuffer.o
                0x08006f5c                bb_set
 .text.bb_set2  0x08006fce       0x6c ./dlms/src/bytebuffer.o
                0x08006fce                bb_set2
 .text.bb_addString
                0x0800703a       0x64 ./dlms/src/bytebuffer.o
                0x0800703a                bb_addString
 .text.bb_attach
                0x0800709e       0x68 ./dlms/src/bytebuffer.o
                0x0800709e                bb_attach
 .text.bb_clear
                0x08007106       0x22 ./dlms/src/bytebuffer.o
                0x08007106                bb_clear
 .text.bb_getUInt8
                0x08007128       0x46 ./dlms/src/bytebuffer.o
                0x08007128                bb_getUInt8
 .text.bb_getInt8
                0x0800716e       0x48 ./dlms/src/bytebuffer.o
                0x0800716e                bb_getInt8
 .text.bb_getUInt8ByIndex
                0x080071b6       0x3a ./dlms/src/bytebuffer.o
                0x080071b6                bb_getUInt8ByIndex
 .text.bb_getUInt16
                0x080071f0       0x64 ./dlms/src/bytebuffer.o
                0x080071f0                bb_getUInt16
 .text.bb_getUInt32
                0x08007254       0x7e ./dlms/src/bytebuffer.o
                0x08007254                bb_getUInt32
 .text.bb_getInt16
                0x080072d2       0x62 ./dlms/src/bytebuffer.o
                0x080072d2                bb_getInt16
 .text.bb_getUInt24
                0x08007334       0x30 ./dlms/src/bytebuffer.o
                0x08007334                bb_getUInt24
 .text.bb_getInt32
                0x08007364       0x30 ./dlms/src/bytebuffer.o
                0x08007364                bb_getInt32
 .text.bb_getUInt24ByIndex
                0x08007394       0x5a ./dlms/src/bytebuffer.o
                0x08007394                bb_getUInt24ByIndex
 .text.bb_getUInt32ByIndex
                0x080073ee       0x6a ./dlms/src/bytebuffer.o
                0x080073ee                bb_getUInt32ByIndex
 .text.bb_getInt64
                0x08007458       0x36 ./dlms/src/bytebuffer.o
                0x08007458                bb_getInt64
 .text.bb_getUInt64
                0x0800748e       0x36 ./dlms/src/bytebuffer.o
                0x0800748e                bb_getUInt64
 .text.bb_getUInt64ByIndex
                0x080074c4      0x102 ./dlms/src/bytebuffer.o
                0x080074c4                bb_getUInt64ByIndex
 .text.bb_getFloat
                0x080075c6       0x7c ./dlms/src/bytebuffer.o
                0x080075c6                bb_getFloat
 .text.bb_getDouble
                0x08007642       0xc0 ./dlms/src/bytebuffer.o
                0x08007642                bb_getDouble
 .text.bb_getUInt16ByIndex
                0x08007702       0x54 ./dlms/src/bytebuffer.o
                0x08007702                bb_getUInt16ByIndex
 .text.bb_insert
                0x08007756       0x8a ./dlms/src/bytebuffer.o
                0x08007756                bb_insert
 .text.bb_move  0x080077e0       0xc2 ./dlms/src/bytebuffer.o
                0x080077e0                bb_move
 .text.bb_compare
                0x080078a2       0x62 ./dlms/src/bytebuffer.o
                0x080078a2                bb_compare
 .text.bb_get   0x08007904       0x5e ./dlms/src/bytebuffer.o
                0x08007904                bb_get
 .text.AUTHENTICATION_KEY_SIZE
                0x08007962       0x22 ./dlms/src/ciphering.o
 .text.gxgcm_init
                0x08007984       0x24 ./dlms/src/ciphering.o
 .text.gxgcm_increaseBlockCounter
                0x080079a8       0x20 ./dlms/src/ciphering.o
 .text.gxgcm_transformBlock
                0x080079c8       0xec ./dlms/src/ciphering.o
 .text.gxgcm_xor
                0x08007ab4       0x46 ./dlms/src/ciphering.o
 .text.gxgcm_shiftRight
                0x08007afa      0x1ba ./dlms/src/ciphering.o
 .text.gxgcm_multiplyH
                0x08007cb4       0xd4 ./dlms/src/ciphering.o
 .text.gxgcm_getGHash
                0x08007d88      0x2ae ./dlms/src/ciphering.o
 .text.gxgcm_getTag
                0x08008036       0xbc ./dlms/src/ciphering.o
 *fill*         0x080080f2        0x2 
 .text.cip_init
                0x080080f4       0xa0 ./dlms/src/ciphering.o
                0x080080f4                cip_init
 .text.cip_validateTag
                0x08008194       0xa2 ./dlms/src/ciphering.o
 .text.cip_crypt
                0x08008236      0x458 ./dlms/src/ciphering.o
                0x08008236                cip_crypt
 .text.cip_encrypt
                0x0800868e       0x3c ./dlms/src/ciphering.o
                0x0800868e                cip_encrypt
 *fill*         0x080086ca        0x2 
 .text.cip_decrypt
                0x080086cc      0x290 ./dlms/src/ciphering.o
                0x080086cc                cip_decrypt
 .text.cip_decryptKey
                0x0800895c      0x268 ./dlms/src/ciphering.o
                0x0800895c                cip_decryptKey
 .text.cosem_getObjectSize
                0x08008bc4      0x460 ./dlms/src/cosem.o
                0x08008bc4                cosem_getObjectSize
 .text.cosem_init2
                0x08009024       0x24 ./dlms/src/cosem.o
                0x08009024                cosem_init2
 .text.cosem_init3
                0x08009048       0x28 ./dlms/src/cosem.o
                0x08009048                cosem_init3
 .text.cosem_init4
                0x08009070      0x4a8 ./dlms/src/cosem.o
                0x08009070                cosem_init4
 .text.cosem_checkStructure
                0x08009518       0x36 ./dlms/src/cosem.o
                0x08009518                cosem_checkStructure
 .text.cosem_getStructure
                0x0800954e       0x54 ./dlms/src/cosem.o
                0x0800954e                cosem_getStructure
 .text.cosem_checkArray
                0x080095a2       0x1e ./dlms/src/cosem.o
                0x080095a2                cosem_checkArray
 .text.cosem_checkArray2
                0x080095c0       0x6c ./dlms/src/cosem.o
                0x080095c0                cosem_checkArray2
 .text.cosem_getUInt8
                0x0800962c       0x4a ./dlms/src/cosem.o
                0x0800962c                cosem_getUInt8
 .text.cosem_getUInt16
                0x08009676       0x4a ./dlms/src/cosem.o
                0x08009676                cosem_getUInt16
 .text.cosem_getUInt32
                0x080096c0       0x4a ./dlms/src/cosem.o
                0x080096c0                cosem_getUInt32
 .text.cosem_getInt8
                0x0800970a       0x4a ./dlms/src/cosem.o
                0x0800970a                cosem_getInt8
 .text.cosem_getInt16
                0x08009754       0x4a ./dlms/src/cosem.o
                0x08009754                cosem_getInt16
 .text.cosem_getInt32
                0x0800979e       0x4a ./dlms/src/cosem.o
                0x0800979e                cosem_getInt32
 .text.cosem_getOctetStringBase
                0x080097e8       0xae ./dlms/src/cosem.o
                0x080097e8                cosem_getOctetStringBase
 .text.cosem_getOctetStringBase2
                0x08009896       0x88 ./dlms/src/cosem.o
                0x08009896                cosem_getOctetStringBase2
 .text.cosem_getOctetString
                0x0800991e       0x20 ./dlms/src/cosem.o
                0x0800991e                cosem_getOctetString
 .text.cosem_getString
                0x0800993e       0x20 ./dlms/src/cosem.o
                0x0800993e                cosem_getString
 .text.cosem_getOctetString2
                0x0800995e       0x2a ./dlms/src/cosem.o
                0x0800995e                cosem_getOctetString2
 .text.cosem_getOctetString3
                0x08009988       0x24 ./dlms/src/cosem.o
                0x08009988                cosem_getOctetString3
 .text.cosem_getString2
                0x080099ac       0x4a ./dlms/src/cosem.o
                0x080099ac                cosem_getString2
 .text.cosem_getDateTimeBase
                0x080099f6       0x80 ./dlms/src/cosem.o
                0x080099f6                cosem_getDateTimeBase
 .text.cosem_getDateTimeFromOctetStringBase
                0x08009a76       0xc4 ./dlms/src/cosem.o
                0x08009a76                cosem_getDateTimeFromOctetStringBase
 .text.cosem_getDateTimeFromOctetString
                0x08009b3a       0x20 ./dlms/src/cosem.o
                0x08009b3a                cosem_getDateTimeFromOctetString
 .text.cosem_getDateFromOctetString
                0x08009b5a       0x20 ./dlms/src/cosem.o
                0x08009b5a                cosem_getDateFromOctetString
 .text.cosem_getTimeFromOctetString
                0x08009b7a       0x20 ./dlms/src/cosem.o
                0x08009b7a                cosem_getTimeFromOctetString
 .text.cosem_getBitString2
                0x08009b9a       0x82 ./dlms/src/cosem.o
                0x08009b9a                cosem_getBitString2
 .text.cosem_getBitString
                0x08009c1c       0x60 ./dlms/src/cosem.o
                0x08009c1c                cosem_getBitString
 .text.cosem_getIntegerFromBitString
                0x08009c7c       0x88 ./dlms/src/cosem.o
                0x08009c7c                cosem_getIntegerFromBitString
 .text.cosem_getVariant
                0x08009d04       0x5a ./dlms/src/cosem.o
                0x08009d04                cosem_getVariant
 .text.cosem_getVariantExact
                0x08009d5e       0x6a ./dlms/src/cosem.o
                0x08009d5e                cosem_getVariantExact
 .text.cosem_getEnum
                0x08009dc8       0x4a ./dlms/src/cosem.o
                0x08009dc8                cosem_getEnum
 .text.cosem_getBoolean
                0x08009e12       0x4a ./dlms/src/cosem.o
                0x08009e12                cosem_getBoolean
 .text.cosem_getUtf8String2
                0x08009e5c       0x2a ./dlms/src/cosem.o
                0x08009e5c                cosem_getUtf8String2
 .text.cosem_setDateTimeAsOctetString
                0x08009e86       0x3e ./dlms/src/cosem.o
                0x08009e86                cosem_setDateTimeAsOctetString
 .text.cosem_setDateAsOctetString
                0x08009ec4       0x3e ./dlms/src/cosem.o
                0x08009ec4                cosem_setDateAsOctetString
 .text.cosem_setBitString
                0x08009f02       0xfe ./dlms/src/cosem.o
                0x08009f02                cosem_setBitString
 .text.cosem_setTimeAsOctetString
                0x0800a000       0x3e ./dlms/src/cosem.o
                0x0800a000                cosem_setTimeAsOctetString
 .text.cosem_setOctetString
                0x0800a03e       0x6c ./dlms/src/cosem.o
                0x0800a03e                cosem_setOctetString
 .text.cosem_setString
                0x0800a0aa       0x70 ./dlms/src/cosem.o
                0x0800a0aa                cosem_setString
 .text.cosem_setString2
                0x0800a11a       0x78 ./dlms/src/cosem.o
                0x0800a11a                cosem_setString2
 .text.cosem_setDateTime
                0x0800a192       0x2e ./dlms/src/cosem.o
                0x0800a192                cosem_setDateTime
 .text.cosem_setOctetString2
                0x0800a1c0       0x70 ./dlms/src/cosem.o
                0x0800a1c0                cosem_setOctetString2
 .text.cosem_getDateTime
                0x0800a230       0x20 ./dlms/src/cosem.o
                0x0800a230                cosem_getDateTime
 .text.cosem_setUInt8
                0x0800a250       0x32 ./dlms/src/cosem.o
                0x0800a250                cosem_setUInt8
 .text.cosem_setUInt16
                0x0800a282       0x32 ./dlms/src/cosem.o
                0x0800a282                cosem_setUInt16
 .text.cosem_setUInt32
                0x0800a2b4       0x2e ./dlms/src/cosem.o
                0x0800a2b4                cosem_setUInt32
 .text.cosem_setInt8
                0x0800a2e2       0x32 ./dlms/src/cosem.o
                0x0800a2e2                cosem_setInt8
 .text.cosem_setInt16
                0x0800a314       0x34 ./dlms/src/cosem.o
                0x0800a314                cosem_setInt16
 .text.cosem_setInt32
                0x0800a348       0x2e ./dlms/src/cosem.o
                0x0800a348                cosem_setInt32
 .text.cosem_setVariant
                0x0800a376       0x36 ./dlms/src/cosem.o
                0x0800a376                cosem_setVariant
 .text.cosem_setStructure
                0x0800a3ac       0x32 ./dlms/src/cosem.o
                0x0800a3ac                cosem_setStructure
 .text.cosem_setArray
                0x0800a3de       0x32 ./dlms/src/cosem.o
                0x0800a3de                cosem_setArray
 .text.cosem_setEnum
                0x0800a410       0x32 ./dlms/src/cosem.o
                0x0800a410                cosem_setEnum
 .text.cosem_setBoolean
                0x0800a442       0x32 ./dlms/src/cosem.o
                0x0800a442                cosem_setBoolean
 .text.cosem_findObjectByLN
                0x0800a474       0x4c ./dlms/src/cosem.o
                0x0800a474                cosem_findObjectByLN
 .text.di_init  0x0800a4c0       0x2c ./dlms/src/datainfo.o
                0x0800a4c0                di_init
 .text.gxmktime
                0x0800a4ec       0x92 ./dlms/src/date.o
                0x0800a4ec                gxmktime
 .text.time_init
                0x0800a57e      0x194 ./dlms/src/date.o
                0x0800a57e                time_init
 .text.time_clearDate
                0x0800a712       0x54 ./dlms/src/date.o
                0x0800a712                time_clearDate
 .text.time_clearTime
                0x0800a766       0x38 ./dlms/src/date.o
                0x0800a766                time_clearTime
 .text.time_getYears
                0x0800a79e       0x20 ./dlms/src/date.o
                0x0800a79e                time_getYears
 .text.time_getMonths
                0x0800a7be       0x1e ./dlms/src/date.o
                0x0800a7be                time_getMonths
 .text.time_getDays
                0x0800a7dc       0x1a ./dlms/src/date.o
                0x0800a7dc                time_getDays
 .text.time_addDays
                0x0800a7f6       0x26 ./dlms/src/date.o
                0x0800a7f6                time_addDays
 .text.time_addHours
                0x0800a81c       0x26 ./dlms/src/date.o
                0x0800a81c                time_addHours
 .text.time_addMinutes
                0x0800a842       0x26 ./dlms/src/date.o
                0x0800a842                time_addMinutes
 .text.time_initUnix
                0x0800a868       0x46 ./dlms/src/date.o
                0x0800a868                time_initUnix
 .text.time_clear
                0x0800a8ae       0x32 ./dlms/src/date.o
                0x0800a8ae                time_clear
 .text.date_isleap
                0x0800a8e0       0x60 ./dlms/src/date.o
                0x0800a8e0                date_isleap
 .text.date_daysInMonth
                0x0800a940       0x86 ./dlms/src/date.o
                0x0800a940                date_daysInMonth
 .text.time_addTime
                0x0800a9c6       0x42 ./dlms/src/date.o
                0x0800a9c6                time_addTime
 .text.time_compareWithDiff
                0x0800aa08      0x22c ./dlms/src/date.o
                0x0800aa08                time_compareWithDiff
 .text.time_compare
                0x0800ac34       0x2a ./dlms/src/date.o
                0x0800ac34                time_compare
 *fill*         0x0800ac5e        0x2 
 .text.time_fromUnixTime2
                0x0800ac60      0x1cc ./dlms/src/date.o
                0x0800ac60                time_fromUnixTime2
 .text.time_dayOfWeek
                0x0800ae2c       0xc4 ./dlms/src/date.o
                0x0800ae2c                time_dayOfWeek
 .text.time_fromUnixTime
                0x0800aef0       0x84 ./dlms/src/date.o
                0x0800aef0                time_fromUnixTime
 .text.time_toUnixTime2
                0x0800af74       0x8c ./dlms/src/date.o
                0x0800af74                time_toUnixTime2
 .text.time_getDeviation
                0x0800b000       0x1a ./dlms/src/date.o
                0x0800b000                time_getDeviation
 .text.time_toUTC
                0x0800b01a       0x50 ./dlms/src/date.o
                0x0800b01a                time_toUTC
 *fill*         0x0800b06a        0x2 
 .text.countCRC
                0x0800b06c       0x7c ./dlms/src/dlms.o
 .text.dlms_useHdlc
                0x0800b0e8       0x30 ./dlms/src/dlms.o
                0x0800b0e8                dlms_useHdlc
 .text.dlms_useDedicatedKey
                0x0800b118       0x30 ./dlms/src/dlms.o
                0x0800b118                dlms_useDedicatedKey
 .text.dlms_usePreEstablishedConnection
                0x0800b148       0x30 ./dlms/src/dlms.o
                0x0800b148                dlms_usePreEstablishedConnection
 .text.dlms_getGloMessage
                0x0800b178      0x1dc ./dlms/src/dlms.o
                0x0800b178                dlms_getGloMessage
 .text.dlms_getInvokeIDPriority
                0x0800b354       0x6a ./dlms/src/dlms.o
                0x0800b354                dlms_getInvokeIDPriority
 .text.dlms_getLongInvokeIDPriority
                0x0800b3be       0x54 ./dlms/src/dlms.o
                0x0800b3be                dlms_getLongInvokeIDPriority
 .text.dlms_setData
                0x0800b412       0x24 ./dlms/src/dlms.o
                0x0800b412                dlms_setData
 .text.getUInt32
                0x0800b436       0x68 ./dlms/src/dlms.o
                0x0800b436                getUInt32
 .text.getInt32
                0x0800b49e       0x68 ./dlms/src/dlms.o
                0x0800b49e                getInt32
 .text.getBitString
                0x0800b506       0xa4 ./dlms/src/dlms.o
 .text.getBool  0x0800b5aa       0x7e ./dlms/src/dlms.o
 .text.getString
                0x0800b628       0xac ./dlms/src/dlms.o
                0x0800b628                getString
 .text.getOctetString
                0x0800b6d4       0xa8 ./dlms/src/dlms.o
                0x0800b6d4                getOctetString
 .text.getBcd   0x0800b77c       0xf4 ./dlms/src/dlms.o
                0x0800b77c                getBcd
 .text.getUInt8
                0x0800b870       0x68 ./dlms/src/dlms.o
                0x0800b870                getUInt8
 .text.getInt16
                0x0800b8d8       0x68 ./dlms/src/dlms.o
                0x0800b8d8                getInt16
 .text.getInt8  0x0800b940       0x68 ./dlms/src/dlms.o
                0x0800b940                getInt8
 .text.getUInt16
                0x0800b9a8       0x68 ./dlms/src/dlms.o
                0x0800b9a8                getUInt16
 .text.getInt64
                0x0800ba10       0x68 ./dlms/src/dlms.o
                0x0800ba10                getInt64
 .text.getUInt64
                0x0800ba78       0x68 ./dlms/src/dlms.o
                0x0800ba78                getUInt64
 .text.getEnum  0x0800bae0       0x68 ./dlms/src/dlms.o
                0x0800bae0                getEnum
 .text.getDouble
                0x0800bb48       0x68 ./dlms/src/dlms.o
                0x0800bb48                getDouble
 .text.getFloat
                0x0800bbb0       0x68 ./dlms/src/dlms.o
                0x0800bbb0                getFloat
 .text.getTime  0x0800bc18       0xdc ./dlms/src/dlms.o
                0x0800bc18                getTime
 .text.getDate  0x0800bcf4       0xd8 ./dlms/src/dlms.o
                0x0800bcf4                getDate
 .text.getDateTime
                0x0800bdcc      0x378 ./dlms/src/dlms.o
                0x0800bdcc                getDateTime
 .text.dlms_getData
                0x0800c144      0x404 ./dlms/src/dlms.o
                0x0800c144                dlms_getData
 .text.dlms_checkLLCBytes
                0x0800c548       0x74 ./dlms/src/dlms.o
                0x0800c548                dlms_checkLLCBytes
 .text.dlms_getHDLCAddress
                0x0800c5bc      0x128 ./dlms/src/dlms.o
                0x0800c5bc                dlms_getHDLCAddress
 .text.dlms_getServerAddress
                0x0800c6e4       0x46 ./dlms/src/dlms.o
                0x0800c6e4                dlms_getServerAddress
 .text.dlms_checkHdlcAddress
                0x0800c72a      0x182 ./dlms/src/dlms.o
                0x0800c72a                dlms_checkHdlcAddress
 .text.dlms_getAddress
                0x0800c8ac       0xc4 ./dlms/src/dlms.o
                0x0800c8ac                dlms_getAddress
 .text.dlms_getAddressBytes
                0x0800c970       0x70 ./dlms/src/dlms.o
                0x0800c970                dlms_getAddressBytes
 .text.dlms_getHdlcFrame
                0x0800c9e0      0x3ae ./dlms/src/dlms.o
                0x0800c9e0                dlms_getHdlcFrame
 *fill*         0x0800cd8e        0x2 
 .text.dlms_getPlcFrame
                0x0800cd90      0x22c ./dlms/src/dlms.o
                0x0800cd90                dlms_getPlcFrame
 .text.dlms_countFCS24
                0x0800cfbc       0x88 ./dlms/src/dlms.o
                0x0800cfbc                dlms_countFCS24
 .text.dlms_getMacHdlcFrame
                0x0800d044      0x1f0 ./dlms/src/dlms.o
                0x0800d044                dlms_getMacHdlcFrame
 .text.dlms_getMacFrame
                0x0800d234       0x46 ./dlms/src/dlms.o
                0x0800d234                dlms_getMacFrame
 .text.dlms_getDataFromFrame
                0x0800d27a       0x90 ./dlms/src/dlms.o
                0x0800d27a                dlms_getDataFromFrame
 .text.dlms_getHdlcData
                0x0800d30a      0x584 ./dlms/src/dlms.o
                0x0800d30a                dlms_getHdlcData
 .text.dlms_checkWrapperAddress
                0x0800d88e      0x18a ./dlms/src/dlms.o
                0x0800d88e                dlms_checkWrapperAddress
 .text.dlms_getTcpData
                0x0800da18      0x10e ./dlms/src/dlms.o
                0x0800da18                dlms_getTcpData
 .text.dlms_getMBusData
                0x0800db26      0x192 ./dlms/src/dlms.o
                0x0800db26                dlms_getMBusData
 .text.dlms_getPlcData
                0x0800dcb8      0x2ba ./dlms/src/dlms.o
                0x0800dcb8                dlms_getPlcData
 .text.dlms_getPlcHdlcData
                0x0800df72      0x2c0 ./dlms/src/dlms.o
                0x0800df72                dlms_getPlcHdlcData
 .text.dlms_getDataFromBlock
                0x0800e232       0x6a ./dlms/src/dlms.o
                0x0800e232                dlms_getDataFromBlock
 .text.dlms_getWrapperFrame
                0x0800e29c      0x154 ./dlms/src/dlms.o
                0x0800e29c                dlms_getWrapperFrame
 .text.dlms_verifyInvokeId
                0x0800e3f0       0x38 ./dlms/src/dlms.o
                0x0800e3f0                dlms_verifyInvokeId
 .text.dlms_handleGetResponse
                0x0800e428      0x23a ./dlms/src/dlms.o
                0x0800e428                dlms_handleGetResponse
 .text.dlms_getValueFromData
                0x0800e662      0x12a ./dlms/src/dlms.o
                0x0800e662                dlms_getValueFromData
 .text.dlms_handleMethodResponse
                0x0800e78c      0x1a4 ./dlms/src/dlms.o
                0x0800e78c                dlms_handleMethodResponse
 .text.dlms_handleSetResponse
                0x0800e930      0x10c ./dlms/src/dlms.o
                0x0800e930                dlms_handleSetResponse
 .text.dlms_changeType
                0x0800ea3c       0x90 ./dlms/src/dlms.o
                0x0800ea3c                dlms_changeType
 .text.dlms_handleDataNotification
                0x0800eacc       0xf8 ./dlms/src/dlms.o
                0x0800eacc                dlms_handleDataNotification
 .text.dlms_handleGbt
                0x0800ebc4      0x1a6 ./dlms/src/dlms.o
                0x0800ebc4                dlms_handleGbt
 *fill*         0x0800ed6a        0x2 
 .text.dlms_handleGloDedRequest
                0x0800ed6c      0x234 ./dlms/src/dlms.o
                0x0800ed6c                dlms_handleGloDedRequest
 .text.dlms_handleGloDedResponse
                0x0800efa0      0x12e ./dlms/src/dlms.o
                0x0800efa0                dlms_handleGloDedResponse
 .text.dlms_handleGeneralCiphering
                0x0800f0ce       0xa4 ./dlms/src/dlms.o
                0x0800f0ce                dlms_handleGeneralCiphering
 .text.dlms_handleConfirmedServiceError
                0x0800f172       0x88 ./dlms/src/dlms.o
                0x0800f172                dlms_handleConfirmedServiceError
 .text.dlms_handleExceptionResponse
                0x0800f1fa       0x46 ./dlms/src/dlms.o
                0x0800f1fa                dlms_handleExceptionResponse
 .text.dlms_getPdu
                0x0800f240      0x4b0 ./dlms/src/dlms.o
                0x0800f240                dlms_getPdu
 .text.dlms_addLLCBytes
                0x0800f6f0       0x44 ./dlms/src/dlms.o
                0x0800f6f0                dlms_addLLCBytes
 .text.dlms_updateSendTime
                0x0800f734       0x9c ./dlms/src/dlms.o
                0x0800f734                dlms_updateSendTime
 .text.dlms_multipleBlocks
                0x0800f7d0       0x9c ./dlms/src/dlms.o
                0x0800f7d0                dlms_multipleBlocks
 .text.dlms_getLNPdu
                0x0800f86c      0x53c ./dlms/src/dlms.o
                0x0800f86c                dlms_getLNPdu
 .text.dlms_getData2
                0x0800fda8       0x2e ./dlms/src/dlms.o
                0x0800fda8                dlms_getData2
 *fill*         0x0800fdd6        0x2 
 .text.dlms_getData3
                0x0800fdd8      0x2a0 ./dlms/src/dlms.o
                0x0800fdd8                dlms_getData3
 .text.dlms_generateChallenge
                0x08010078       0x4e ./dlms/src/dlms.o
                0x08010078                dlms_generateChallenge
 *fill*         0x080100c6        0x2 
 .text.dlms_secure
                0x080100c8      0x1b8 ./dlms/src/dlms.o
                0x080100c8                dlms_secure
 .text.dlms_parseSnrmUaResponse
                0x08010280      0x1a4 ./dlms/src/dlms.o
                0x08010280                dlms_parseSnrmUaResponse
 .text.dlms_appendHdlcParameter
                0x08010424       0x44 ./dlms/src/dlms.o
                0x08010424                dlms_appendHdlcParameter
 .text.dlms_isPduFull
                0x08010468       0x96 ./dlms/src/dlms.o
                0x08010468                dlms_isPduFull
 .text.svr_init
                0x080104fe       0xea ./dlms/src/dlmsSettings.o
                0x080104fe                svr_init
 .text.cl_init  0x080105e8      0x1bc ./dlms/src/dlmsSettings.o
                0x080105e8                cl_init
 .text.plc_reset
                0x080107a4       0xb8 ./dlms/src/dlmsSettings.o
                0x080107a4                plc_reset
 .text.resetBlockIndex
                0x0801085c       0x1c ./dlms/src/dlmsSettings.o
                0x0801085c                resetBlockIndex
 .text.resetFrameSequence
                0x08010878       0x40 ./dlms/src/dlmsSettings.o
                0x08010878                resetFrameSequence
 .text.increaseReceiverSequence
                0x080108b8       0x34 ./dlms/src/dlmsSettings.o
                0x080108b8                increaseReceiverSequence
 .text.increaseSendSequence
                0x080108ec       0x34 ./dlms/src/dlmsSettings.o
                0x080108ec                increaseSendSequence
 .text.checkFrame
                0x08010920      0x230 ./dlms/src/dlmsSettings.o
                0x08010920                checkFrame
 .text.getNextSend
                0x08010b50       0x56 ./dlms/src/dlmsSettings.o
                0x08010b50                getNextSend
 .text.getReceiverReady
                0x08010ba6       0x38 ./dlms/src/dlmsSettings.o
                0x08010ba6                getReceiverReady
 .text.getKeepAlive
                0x08010bde       0x32 ./dlms/src/dlmsSettings.o
                0x08010bde                getKeepAlive
 .text.isCiphered
                0x08010c10       0x22 ./dlms/src/dlmsSettings.o
                0x08010c10                isCiphered
 .text.trans_init
                0x08010c32       0x20 ./dlms/src/dlmsSettings.o
                0x08010c32                trans_init
 .text.trans_clear
                0x08010c52       0x20 ./dlms/src/dlmsSettings.o
                0x08010c52                trans_clear
 .text.updateInvokeId
                0x08010c72       0x5c ./dlms/src/dlmsSettings.o
                0x08010c72                updateInvokeId
 *fill*         0x08010cce        0x2 
 .text.getSBoxValue
                0x08010cd0       0x38 ./dlms/src/gxaes.o
 .text.getRCon  0x08010d08       0x20 ./dlms/src/gxaes.o
 .text.gxaes_xtime
                0x08010d28       0x3e ./dlms/src/gxaes.o
                0x08010d28                gxaes_xtime
 .text.gxaes_multiply
                0x08010d66      0x104 ./dlms/src/gxaes.o
                0x08010d66                gxaes_multiply
 .text.gxaes_subBytes
                0x08010e6a       0x66 ./dlms/src/gxaes.o
                0x08010e6a                gxaes_subBytes
 .text.gxaes_shiftRows
                0x08010ed0       0x84 ./dlms/src/gxaes.o
                0x08010ed0                gxaes_shiftRows
 .text.gxaes_mixColumns
                0x08010f54      0x16a ./dlms/src/gxaes.o
                0x08010f54                gxaes_mixColumns
 .text.gxaes_addRoundKey
                0x080110be       0x78 ./dlms/src/gxaes.o
                0x080110be                gxaes_addRoundKey
 .text.gxaes_rotWord
                0x08011136       0x3e ./dlms/src/gxaes.o
 .text.gxaes_subWord
                0x08011174       0x3c ./dlms/src/gxaes.o
 .text.gxaes_invShiftRows
                0x080111b0       0x84 ./dlms/src/gxaes.o
 .text.gxaes_invMixColumns
                0x08011234      0x17e ./dlms/src/gxaes.o
 .text.gxaes_keyExpansion
                0x080113b2      0x15a ./dlms/src/gxaes.o
                0x080113b2                gxaes_keyExpansion
 .text.gxaes_cipher
                0x0801150c       0xf8 ./dlms/src/gxaes.o
                0x0801150c                gxaes_cipher
 .text.gxaes_encrypt
                0x08011604      0x264 ./dlms/src/gxaes.o
                0x08011604                gxaes_encrypt
 .text.gxaes_decrypt
                0x08011868      0x238 ./dlms/src/gxaes.o
                0x08011868                gxaes_decrypt
 .text.arr_getCapacity
                0x08011aa0       0x1e ./dlms/src/gxarray.o
                0x08011aa0                arr_getCapacity
 .text.arr_clear
                0x08011abe       0x1a ./dlms/src/gxarray.o
                0x08011abe                arr_clear
 .text.arr_empty
                0x08011ad8       0x1a ./dlms/src/gxarray.o
                0x08011ad8                arr_empty
 .text.arr_getByIndex
                0x08011af2       0x56 ./dlms/src/gxarray.o
                0x08011af2                arr_getByIndex
 .text.arr_getByIndex2
                0x08011b48       0x2a ./dlms/src/gxarray.o
                0x08011b48                arr_getByIndex2
 .text.arr_getByIndexRef
                0x08011b72       0x4e ./dlms/src/gxarray.o
                0x08011b72                arr_getByIndexRef
 .text.arr_setByIndexRef
                0x08011bc0       0x46 ./dlms/src/gxarray.o
                0x08011bc0                arr_setByIndexRef
 .text.arr_clearKeyValuePair
                0x08011c06       0x16 ./dlms/src/gxarray.o
                0x08011c06                arr_clearKeyValuePair
 .text.arr_removeByIndex
                0x08011c1c       0x82 ./dlms/src/gxarray.o
                0x08011c1c                arr_removeByIndex
 .text.arr_swap
                0x08011c9e       0x7c ./dlms/src/gxarray.o
                0x08011c9e                arr_swap
 .text.cosem_getByteBuffer
                0x08011d1a       0x2c ./dlms/src/gxget.o
                0x08011d1a                cosem_getByteBuffer
 .text.cosem_getData
                0x08011d46       0x56 ./dlms/src/gxget.o
                0x08011d46                cosem_getData
 .text.cosem_getRegister
                0x08011d9c       0xa4 ./dlms/src/gxget.o
                0x08011d9c                cosem_getRegister
 .text.cosem_getRegisterTable
                0x08011e40       0x78 ./dlms/src/gxget.o
                0x08011e40                cosem_getRegisterTable
 .text.cosem_getClock
                0x08011eb8      0x120 ./dlms/src/gxget.o
                0x08011eb8                cosem_getClock
 .text.cosem_getActionSchedule
                0x08011fd8      0x13a ./dlms/src/gxget.o
                0x08011fd8                cosem_getActionSchedule
 *fill*         0x08012112        0x2 
 .text.getActivityCalendarDayProfileTable
                0x08012114      0x268 ./dlms/src/gxget.o
                0x08012114                getActivityCalendarDayProfileTable
 .text.getActivityCalendarWeekProfileTable
                0x0801237c      0x110 ./dlms/src/gxget.o
                0x0801237c                getActivityCalendarWeekProfileTable
 .text.getActivityCalendarSeasonProfile
                0x0801248c       0xb8 ./dlms/src/gxget.o
                0x0801248c                getActivityCalendarSeasonProfile
 .text.getActivityCalendarName
                0x08012544       0x1c ./dlms/src/gxget.o
                0x08012544                getActivityCalendarName
 .text.cosem_getActivityCalendar
                0x08012560      0x118 ./dlms/src/gxget.o
                0x08012560                cosem_getActivityCalendar
 .text.getLNAccessRights
                0x08012678      0x140 ./dlms/src/gxget.o
                0x08012678                getLNAccessRights
 .text.getLNObjects
                0x080127b8      0x314 ./dlms/src/gxget.o
                0x080127b8                getLNObjects
 .text.getUserList
                0x08012acc       0xe8 ./dlms/src/gxget.o
                0x08012acc                getUserList
 .text.cosem_getAssociationLogicalName
                0x08012bb4      0x38c ./dlms/src/gxget.o
                0x08012bb4                cosem_getAssociationLogicalName
 .text.getSNObjects
                0x08012f40      0x142 ./dlms/src/gxget.o
                0x08012f40                getSNObjects
 .text.getSNAccessRights
                0x08013082      0x146 ./dlms/src/gxget.o
                0x08013082                getSNAccessRights
 .text.cosem_getAssociationShortName
                0x080131c8       0xcc ./dlms/src/gxget.o
                0x080131c8                cosem_getAssociationShortName
 .text.cosem_getAutoAnswer
                0x08013294      0x13e ./dlms/src/gxget.o
                0x08013294                cosem_getAutoAnswer
 .text.cosem_getAutoConnect
                0x080133d2      0x176 ./dlms/src/gxget.o
                0x080133d2                cosem_getAutoConnect
 .text.cosem_getDemandRegister
                0x08013548      0x160 ./dlms/src/gxget.o
                0x08013548                cosem_getDemandRegister
 .text.cosem_getMacAddressSetup
                0x080136a8       0x40 ./dlms/src/gxget.o
                0x080136a8                cosem_getMacAddressSetup
 .text.cosem_getExtendedRegister
                0x080136e8       0xfa ./dlms/src/gxget.o
                0x080136e8                cosem_getExtendedRegister
 .text.cosem_getQualityOfService
                0x080137e2       0x82 ./dlms/src/gxget.o
                0x080137e2                cosem_getQualityOfService
 .text.cosem_getGprsSetup
                0x08013864       0x9e ./dlms/src/gxget.o
                0x08013864                cosem_getGprsSetup
 .text.cosem_getSecuritySetup
                0x08013902       0x8c ./dlms/src/gxget.o
                0x08013902                cosem_getSecuritySetup
 *fill*         0x0801398e        0x2 
 .text.cosem_getIecHdlcSetup
                0x08013990       0xf4 ./dlms/src/gxget.o
                0x08013990                cosem_getIecHdlcSetup
 .text.cosem_getIecLocalPortSetup
                0x08013a84      0x116 ./dlms/src/gxget.o
                0x08013a84                cosem_getIecLocalPortSetup
 .text.cosem_getIecTwistedPairSetup
                0x08013b9a      0x128 ./dlms/src/gxget.o
                0x08013b9a                cosem_getIecTwistedPairSetup
 *fill*         0x08013cc2        0x2 
 .text.cosem_getIP4Setup
                0x08013cc4      0x294 ./dlms/src/gxget.o
                0x08013cc4                cosem_getIP4Setup
 .text.getIpv6Address
                0x08013f58       0x5a ./dlms/src/gxget.o
                0x08013f58                getIpv6Address
 .text.getAddressList
                0x08013fb2       0x76 ./dlms/src/gxget.o
                0x08013fb2                getAddressList
 .text.cosem_getIP6Setup
                0x08014028      0x1bc ./dlms/src/gxget.o
                0x08014028                cosem_getIP6Setup
 .text.cosem_getMbusSlavePortSetup
                0x080141e4       0x96 ./dlms/src/gxget.o
                0x080141e4                cosem_getMbusSlavePortSetup
 .text.cosem_getImageTransfer
                0x0801427a      0x23c ./dlms/src/gxget.o
                0x0801427a                cosem_getImageTransfer
 .text.getColumns
                0x080144b6      0x194 ./dlms/src/gxget.o
                0x080144b6                getColumns
 .text.cosem_getProfileGeneric
                0x0801464a      0x25c ./dlms/src/gxget.o
                0x0801464a                cosem_getProfileGeneric
 .text.cosem_getDisconnectControl
                0x080148a6       0x7c ./dlms/src/gxget.o
                0x080148a6                cosem_getDisconnectControl
 *fill*         0x08014922        0x2 
 .text.cosem_getLimiter
                0x08014924      0x45c ./dlms/src/gxget.o
                0x08014924                cosem_getLimiter
 .text.cosem_getmMbusClient
                0x08014d80      0x2d4 ./dlms/src/gxget.o
                0x08014d80                cosem_getmMbusClient
 .text.cosem_add
                0x08015054       0x54 ./dlms/src/gxget.o
                0x08015054                cosem_add
 .text.cosem_getModemConfiguration
                0x080150a8      0x484 ./dlms/src/gxget.o
                0x080150a8                cosem_getModemConfiguration
 .text.cosem_getPppSetup
                0x0801552c      0x2fc ./dlms/src/gxget.o
                0x0801552c                cosem_getPppSetup
 .text.cosem_getRegisterActivation
                0x08015828      0x2da ./dlms/src/gxget.o
                0x08015828                cosem_getRegisterActivation
 .text.cosem_getRegisterMonitor
                0x08015b02      0x2de ./dlms/src/gxget.o
                0x08015b02                cosem_getRegisterMonitor
 .text.cosem_getSapAssignment
                0x08015de0       0xf4 ./dlms/src/gxget.o
                0x08015de0                cosem_getSapAssignment
 .text.cosem_getSchedule
                0x08015ed4      0x1b4 ./dlms/src/gxget.o
                0x08015ed4                cosem_getSchedule
 .text.cosem_getScriptTable
                0x08016088      0x172 ./dlms/src/gxget.o
                0x08016088                cosem_getScriptTable
 .text.cosem_getSpecialDaysTable
                0x080161fa       0xd4 ./dlms/src/gxget.o
                0x080161fa                cosem_getSpecialDaysTable
 .text.cosem_getTcpUdpSetup
                0x080162ce       0xbe ./dlms/src/gxget.o
                0x080162ce                cosem_getTcpUdpSetup
 .text.cosem_getMbusDiagnostic
                0x0801638c      0x1ea ./dlms/src/gxget.o
                0x0801638c                cosem_getMbusDiagnostic
 .text.cosem_getMbusPortSetup
                0x08016576      0x1ce ./dlms/src/gxget.o
                0x08016576                cosem_getMbusPortSetup
 .text.cosem_getG3PlcMacLayerCounters
                0x08016744      0x12c ./dlms/src/gxget.o
                0x08016744                cosem_getG3PlcMacLayerCounters
 .text.cosem_getG3PlcMacSetupNeighbourTables
                0x08016870      0x24e ./dlms/src/gxget.o
                0x08016870                cosem_getG3PlcMacSetupNeighbourTables
 .text.cosem_getG3PlcMacSetupPosTables
                0x08016abe       0xd6 ./dlms/src/gxget.o
                0x08016abe                cosem_getG3PlcMacSetupPosTables
 .text.cosem_getG3PlcMacSetup
                0x08016b94      0x40e ./dlms/src/gxget.o
                0x08016b94                cosem_getG3PlcMacSetup
 .text.cosem_getUInt16Array
                0x08016fa2       0x74 ./dlms/src/gxget.o
                0x08016fa2                cosem_getUInt16Array
 .text.cosem_getG3Plc6LoWPAN
                0x08017016      0x7f2 ./dlms/src/gxget.o
                0x08017016                cosem_getG3Plc6LoWPAN
 .text.cosem_getFunctionControl
                0x08017808      0x1ec ./dlms/src/gxget.o
                0x08017808                cosem_getFunctionControl
 .text.cosem_getArrayManager
                0x080179f4      0x10e ./dlms/src/gxget.o
                0x080179f4                cosem_getArrayManager
 .text.cosem_getUtilityTables
                0x08017b02       0x68 ./dlms/src/gxget.o
                0x08017b02                cosem_getUtilityTables
 .text.cosem_getMbusMasterPortSetup
                0x08017b6a       0x3c ./dlms/src/gxget.o
                0x08017b6a                cosem_getMbusMasterPortSetup
 .text.cosem_getPushSetup
                0x08017ba6      0x542 ./dlms/src/gxget.o
                0x08017ba6                cosem_getPushSetup
 .text.cosem_getZigbeeNetworkControl
                0x080180e8      0x1f6 ./dlms/src/gxget.o
                0x080180e8                cosem_getZigbeeNetworkControl
 .text.getUnitCharge
                0x080182de      0x15e ./dlms/src/gxget.o
                0x080182de                getUnitCharge
 .text.cosem_getCharge
                0x0801843c      0x18a ./dlms/src/gxget.o
                0x0801843c                cosem_getCharge
 *fill*         0x080185c6        0x2 
 .text.cosem_getTokenGateway
                0x080185c8      0x168 ./dlms/src/gxget.o
                0x080185c8                cosem_getTokenGateway
 .text.cosem_getCredit
                0x08018730      0x152 ./dlms/src/gxget.o
                0x08018730                cosem_getCredit
 .text.cosem_getAccount
                0x08018882      0x492 ./dlms/src/gxget.o
                0x08018882                cosem_getAccount
 .text.cosem_getCompactData
                0x08018d14       0xdc ./dlms/src/gxget.o
                0x08018d14                cosem_getCompactData
 .text.cosem_getValue
                0x08018df0      0x5dc ./dlms/src/gxget.o
                0x08018df0                cosem_getValue
 .text.cosem_getGsmDiagnostic
                0x080193cc      0x258 ./dlms/src/gxget.o
                0x080193cc                cosem_getGsmDiagnostic
 .text.cosem_getParameterMonitor
                0x08019624      0x220 ./dlms/src/gxget.o
                0x08019624                cosem_getParameterMonitor
 .text.cosem_getLlcSscsSetup
                0x08019844       0x58 ./dlms/src/gxget.o
                0x08019844                cosem_getLlcSscsSetup
 .text.cosem_getPrimeNbOfdmPlcPhysicalLayerCounters
                0x0801989c       0x94 ./dlms/src/gxget.o
                0x0801989c                cosem_getPrimeNbOfdmPlcPhysicalLayerCounters
 .text.cosem_getPrimeNbOfdmPlcMacSetup
                0x08019930       0xdc ./dlms/src/gxget.o
                0x08019930                cosem_getPrimeNbOfdmPlcMacSetup
 .text.cosem_getPrimeNbOfdmPlcMacFunctionalParameters
                0x08019a0c      0x184 ./dlms/src/gxget.o
                0x08019a0c                cosem_getPrimeNbOfdmPlcMacFunctionalParameters
 .text.cosem_getPrimeNbOfdmPlcMacCounters
                0x08019b90       0xc4 ./dlms/src/gxget.o
                0x08019b90                cosem_getPrimeNbOfdmPlcMacCounters
 .text.cosem_getMulticastEntries
                0x08019c54       0xa8 ./dlms/src/gxget.o
                0x08019c54                cosem_getMulticastEntries
 .text.cosem_getSwitchTable
                0x08019cfc       0x80 ./dlms/src/gxget.o
                0x08019cfc                cosem_getSwitchTable
 .text.cosem_getDirectTable
                0x08019d7c      0x110 ./dlms/src/gxget.o
                0x08019d7c                cosem_getDirectTable
 .text.cosem_getAvailableSwitches
                0x08019e8c       0xec ./dlms/src/gxget.o
                0x08019e8c                cosem_getAvailableSwitches
 .text.cosem_getCommunications
                0x08019f78      0x14e ./dlms/src/gxget.o
                0x08019f78                cosem_getCommunications
 *fill*         0x0801a0c6        0x2 
 .text.cosem_getPrimeNbOfdmPlcMacNetworkAdministrationData
                0x0801a0c8       0x74 ./dlms/src/gxget.o
                0x0801a0c8                cosem_getPrimeNbOfdmPlcMacNetworkAdministrationData
 .text.cosem_getPrimeNbOfdmPlcApplicationsIdentification
                0x0801a13c       0x76 ./dlms/src/gxget.o
                0x0801a13c                cosem_getPrimeNbOfdmPlcApplicationsIdentification
 *fill*         0x0801a1b2        0x2 
 .text.cosem_getArbitrator
                0x0801a1b4      0x2bc ./dlms/src/gxget.o
                0x0801a1b4                cosem_getArbitrator
 .text.cosem_getIec8802LlcType1Setup
                0x0801a470       0x42 ./dlms/src/gxget.o
                0x0801a470                cosem_getIec8802LlcType1Setup
 *fill*         0x0801a4b2        0x2 
 .text.cosem_getIec8802LlcType2Setup
                0x0801a4b4       0xe0 ./dlms/src/gxget.o
                0x0801a4b4                cosem_getIec8802LlcType2Setup
 .text.cosem_getIec8802LlcType3Setup
                0x0801a594       0xa4 ./dlms/src/gxget.o
                0x0801a594                cosem_getIec8802LlcType3Setup
 .text.cosem_getSFSKActiveInitiator
                0x0801a638       0x76 ./dlms/src/gxget.o
                0x0801a638                cosem_getSFSKActiveInitiator
 *fill*         0x0801a6ae        0x2 
 .text.cosem_getFSKMacCounters
                0x0801a6b0      0x228 ./dlms/src/gxget.o
                0x0801a6b0                cosem_getFSKMacCounters
 .text.cosem_getSFSKMacSynchronizationTimeouts
                0x0801a8d8       0x8c ./dlms/src/gxget.o
                0x0801a8d8                cosem_getSFSKMacSynchronizationTimeouts
 .text.cosem_getSFSKPhyMacSetUp
                0x0801a964      0x1e0 ./dlms/src/gxget.o
                0x0801a964                cosem_getSFSKPhyMacSetUp
 .text.cosem_getSFSKReportingSystemList
                0x0801ab44       0x92 ./dlms/src/gxget.o
                0x0801ab44                cosem_getSFSKReportingSystemList
 .text.cosem_getLteMonitoring
                0x0801abd6      0x174 ./dlms/src/gxget.o
                0x0801abd6                cosem_getLteMonitoring
 .text.getAuthenticationKeys
                0x0801ad4a       0xa2 ./dlms/src/gxget.o
                0x0801ad4a                getAuthenticationKeys
 .text.cosem_getNtpSetup
                0x0801adec       0xc8 ./dlms/src/gxget.o
                0x0801adec                cosem_getNtpSetup
 .text.invoke_Charge
                0x0801aeb4      0x128 ./dlms/src/gxinvoke.o
                0x0801aeb4                invoke_Charge
 .text.invoke_Credit
                0x0801afdc       0x94 ./dlms/src/gxinvoke.o
                0x0801afdc                invoke_Credit
 .text.invoke_gxTokenGateway
                0x0801b070       0x46 ./dlms/src/gxinvoke.o
                0x0801b070                invoke_gxTokenGateway
 .text.invoke_AssociationLogicalName
                0x0801b0b6      0x4bc ./dlms/src/gxinvoke.o
                0x0801b0b6                invoke_AssociationLogicalName
 .text.invoke_ImageTransfer
                0x0801b572      0x352 ./dlms/src/gxinvoke.o
                0x0801b572                invoke_ImageTransfer
 .text.invoke_SapAssigment
                0x0801b8c4      0x178 ./dlms/src/gxinvoke.o
                0x0801b8c4                invoke_SapAssigment
 .text.invoke_SecuritySetup
                0x0801ba3c      0x2b0 ./dlms/src/gxinvoke.o
                0x0801ba3c                invoke_SecuritySetup
 .text.invoke_AssociationShortName
                0x0801bcec      0x1a0 ./dlms/src/gxinvoke.o
                0x0801bcec                invoke_AssociationShortName
 .text.invoke_ScriptTable
                0x0801be8c      0x25a ./dlms/src/gxinvoke.o
                0x0801be8c                invoke_ScriptTable
 .text.invoke_zigbeeNetworkControl
                0x0801c0e6      0x160 ./dlms/src/gxinvoke.o
                0x0801c0e6                invoke_zigbeeNetworkControl
 .text.invoke_ExtendedRegister
                0x0801c246       0x76 ./dlms/src/gxinvoke.o
                0x0801c246                invoke_ExtendedRegister
 .text.invoke_DemandRegister
                0x0801c2bc      0x142 ./dlms/src/gxinvoke.o
                0x0801c2bc                invoke_DemandRegister
 .text.invoke_Clock
                0x0801c3fe      0x11e ./dlms/src/gxinvoke.o
                0x0801c3fe                invoke_Clock
 .text.invoke_Register
                0x0801c51c       0x4c ./dlms/src/gxinvoke.o
                0x0801c51c                invoke_Register
 .text.capture  0x0801c568       0x72 ./dlms/src/gxinvoke.o
                0x0801c568                capture
 .text.invoke_ProfileGeneric
                0x0801c5da       0x3c ./dlms/src/gxinvoke.o
                0x0801c5da                invoke_ProfileGeneric
 .text.cosem_captureCompactData
                0x0801c616       0x1e ./dlms/src/gxinvoke.o
                0x0801c616                cosem_captureCompactData
 .text.invoke_CompactData
                0x0801c634       0x54 ./dlms/src/gxinvoke.o
                0x0801c634                invoke_CompactData
 .text.invoke_DisconnectControl
                0x0801c688       0x4e ./dlms/src/gxinvoke.o
                0x0801c688                invoke_DisconnectControl
 .text.invoke_LlcSscsSetup
                0x0801c6d6       0x3a ./dlms/src/gxinvoke.o
                0x0801c6d6                invoke_LlcSscsSetup
 .text.invoke_PrimeNbOfdmPlcPhysicalLayerCounters
                0x0801c710       0x4a ./dlms/src/gxinvoke.o
                0x0801c710                invoke_PrimeNbOfdmPlcPhysicalLayerCounters
 .text.invoke_PrimeNbOfdmPlcMacCounters
                0x0801c75a       0x5a ./dlms/src/gxinvoke.o
                0x0801c75a                invoke_PrimeNbOfdmPlcMacCounters
 .text.invoke_PrimeNbOfdmPlcMacNetworkAdministrationData
                0x0801c7b4       0x5a ./dlms/src/gxinvoke.o
                0x0801c7b4                invoke_PrimeNbOfdmPlcMacNetworkAdministrationData
 .text.invoke_SpecialDaysTable
                0x0801c80e      0x1ac ./dlms/src/gxinvoke.o
                0x0801c80e                invoke_SpecialDaysTable
 .text.invoke_RegisterActivation
                0x0801c9ba      0x2aa ./dlms/src/gxinvoke.o
                0x0801c9ba                invoke_RegisterActivation
 .text.invoke_copySeasonProfile
                0x0801cc64       0xbc ./dlms/src/gxinvoke.o
                0x0801cc64                invoke_copySeasonProfile
 .text.invoke_copyWeekProfileTable
                0x0801cd20       0xc6 ./dlms/src/gxinvoke.o
                0x0801cd20                invoke_copyWeekProfileTable
 .text.invoke_copyDayProfileTable
                0x0801cde6      0x10c ./dlms/src/gxinvoke.o
                0x0801cde6                invoke_copyDayProfileTable
 .text.invoke_ActivityCalendar
                0x0801cef2       0x98 ./dlms/src/gxinvoke.o
                0x0801cef2                invoke_ActivityCalendar
 .text.invoke_ArrayManagerInsertEntry
                0x0801cf8a      0x348 ./dlms/src/gxinvoke.o
                0x0801cf8a                invoke_ArrayManagerInsertEntry
 .text.invoke_ArrayManagerDeleteEntry
                0x0801d2d2      0x2a4 ./dlms/src/gxinvoke.o
                0x0801d2d2                invoke_ArrayManagerDeleteEntry
 .text.invoke_ArrayManager
                0x0801d576      0x640 ./dlms/src/gxinvoke.o
                0x0801d576                invoke_ArrayManager
 .text.invoke_G3_PLC_MAC_Setup
                0x0801dbb6      0x12e ./dlms/src/gxinvoke.o
                0x0801dbb6                invoke_G3_PLC_MAC_Setup
 .text.invoke_removeFromActivationStatusList
                0x0801dce4       0x7a ./dlms/src/gxinvoke.o
                0x0801dce4                invoke_removeFromActivationStatusList
 .text.invoke_removeFromFunctionList
                0x0801dd5e       0x7a ./dlms/src/gxinvoke.o
                0x0801dd5e                invoke_removeFromFunctionList
 .text.invoke_FunctionControl
                0x0801ddd8      0x548 ./dlms/src/gxinvoke.o
                0x0801ddd8                invoke_FunctionControl
 .text.invoke_removeFromNtpKeys
                0x0801e320       0x62 ./dlms/src/gxinvoke.o
                0x0801e320                invoke_removeFromNtpKeys
 .text.invoke_NtpSetup
                0x0801e382      0x102 ./dlms/src/gxinvoke.o
                0x0801e382                invoke_NtpSetup
 .text.invoke_removeFromIps
                0x0801e484       0x6a ./dlms/src/gxinvoke.o
                0x0801e484                invoke_removeFromIps
 .text.invoke_appendToIps
                0x0801e4ee       0x70 ./dlms/src/gxinvoke.o
                0x0801e4ee                invoke_appendToIps
 .text.invoke_Ip6Setup
                0x0801e55e      0x114 ./dlms/src/gxinvoke.o
                0x0801e55e                invoke_Ip6Setup
 *fill*         0x0801e672        0x2 
 .text.cosem_invoke
                0x0801e674      0x464 ./dlms/src/gxinvoke.o
                0x0801e674                cosem_invoke
 .text.gxmd5_F  0x0801ead8       0x28 ./dlms/src/gxmd5.o
                0x0801ead8                gxmd5_F
 .text.gxmd5_G  0x0801eb00       0x28 ./dlms/src/gxmd5.o
                0x0801eb00                gxmd5_G
 .text.gxmd5_H  0x0801eb28       0x22 ./dlms/src/gxmd5.o
                0x0801eb28                gxmd5_H
 .text.gxmd5_I  0x0801eb4a       0x24 ./dlms/src/gxmd5.o
                0x0801eb4a                gxmd5_I
 .text.gxmd5_rotate_left
                0x0801eb6e       0x22 ./dlms/src/gxmd5.o
                0x0801eb6e                gxmd5_rotate_left
 .text.gxmd5_FF
                0x0801eb90       0x44 ./dlms/src/gxmd5.o
                0x0801eb90                gxmd5_FF
 .text.gxmd5_GG
                0x0801ebd4       0x44 ./dlms/src/gxmd5.o
                0x0801ebd4                gxmd5_GG
 .text.gxmd5_HH
                0x0801ec18       0x44 ./dlms/src/gxmd5.o
                0x0801ec18                gxmd5_HH
 .text.gxmd5_II
                0x0801ec5c       0x44 ./dlms/src/gxmd5.o
                0x0801ec5c                gxmd5_II
 .text.gxmd5_decode
                0x0801eca0       0x7a ./dlms/src/gxmd5.o
                0x0801eca0                gxmd5_decode
 .text.gxmd5_encode
                0x0801ed1a       0xa0 ./dlms/src/gxmd5.o
                0x0801ed1a                gxmd5_encode
 *fill*         0x0801edba        0x2 
 .text.gxmd5_transform
                0x0801edbc      0x87c ./dlms/src/gxmd5.o
                0x0801edbc                gxmd5_transform
 .text.gxmd5_update
                0x0801f638       0xc8 ./dlms/src/gxmd5.o
                0x0801f638                gxmd5_update
 .text.gxmd5_encrypt
                0x0801f700       0xd8 ./dlms/src/gxmd5.o
                0x0801f700                gxmd5_encrypt
 .text.obj_getLogicalName
                0x0801f7d8       0x28 ./dlms/src/gxobjects.o
                0x0801f7d8                obj_getLogicalName
 .text.obj_clearPushObjectList
                0x0801f800       0x1c ./dlms/src/gxobjects.o
                0x0801f800                obj_clearPushObjectList
 .text.obj_clearCreditChargeConfigurations
                0x0801f81c       0x1c ./dlms/src/gxobjects.o
                0x0801f81c                obj_clearCreditChargeConfigurations
 .text.obj_clearTokenGatewayConfigurations
                0x0801f838       0x1c ./dlms/src/gxobjects.o
                0x0801f838                obj_clearTokenGatewayConfigurations
 .text.obj_clearSapList
                0x0801f854       0x1c ./dlms/src/gxobjects.o
                0x0801f854                obj_clearSapList
 .text.obj_clearProfileGenericCaptureObjects
                0x0801f870       0x1c ./dlms/src/gxobjects.o
                0x0801f870                obj_clearProfileGenericCaptureObjects